<html>
<body>
<pre>
<h1>µVision Build Log</h1>
<h2>Tool Versions:</h2>
IDE-Version: ¦ÌVision V5.38.0.0
Copyright (C) 2022 ARM Ltd and ARM Germany GmbH. All rights reserved.
License Information: jiade taizhen, hubeiuniversity, LIC=X96CK-ZAVFK-JJX6S-LU37Z-YDSA9-JHKGZ
 
Tool Versions:
Toolchain:       MDK-ARM Plus  Version: 5.38.0.0
Toolchain Path:  D:\APP\Keil_v5\ARM\ARMCC\Bin
C Compiler:      Armcc.exe V5.06 update 6 (build 750)
Assembler:       Armasm.exe V5.06 update 6 (build 750)
Linker/Locator:  ArmLink.exe V5.06 update 6 (build 750)
Library Manager: ArmAr.exe V5.06 update 6 (build 750)
Hex Converter:   FromElf.exe V5.06 update 6 (build 750)
CPU DLL:         SARMCM3.DLL V5.38.0.0
Dialog DLL:      DCM.DLL V1.17.5.0
Target DLL:      STLink\ST-LINKIII-KEIL_SWO.dll V3.1.0.0
Dialog DLL:      TCM.DLL V1.56.4.0
 
<h2>Project:</h2>
D:\Code\lvgl\LVGL_STM32F103RCT6_ILI9488\LVGL_STM32F103RCT6_ILI9488\MDK-ARM\LVGL_STM32F103RCT6_ILI9488.uvprojx
Project File Date:  10/22/2024

<h2>Output:</h2>
*** Using Compiler 'V5.06 update 6 (build 750)', folder: 'D:\APP\Keil_v5\ARM\ARMCC\Bin'
Build target 'LVGL_STM32F103RCT6_ILI9488'
compiling 24cxx.c...
compiling led.c...
compiling key.c...
compiling myiic.c...
compiling main.c...
compiling lcd.c...
compiling SPI.c...
compiling touch.c...
linking...
Program Size: Code=13338 RO-data=6178 RW-data=80 ZI-data=1648  
FromELF: creating hex file...
"LVGL_STM32F103RCT6_ILI9488\LVGL_STM32F103RCT6_ILI9488.axf" - 0 Error(s), 0 Warning(s).

<h2>Software Packages used:</h2>

Package Vendor: ARM
                http://www.keil.com/pack/ARM.CMSIS.5.9.0.pack
                ARM.CMSIS.5.9.0
                CMSIS (Common Microcontroller Software Interface Standard)
   * Component: CORE Version: 5.6.0

Package Vendor: Keil
                http://www.keil.com/pack/Keil.STM32F1xx_DFP.2.2.0.pack
                Keil.STM32F1xx_DFP.2.2.0
                STMicroelectronics STM32F1 Series Device Support, Drivers and Examples

<h2>Collection of Component include folders:</h2>
  ./RTE/_LVGL_STM32F103RCT6_ILI9488
  D:/APP/Keil_v5/ARM/CMSIS/5.9.0/CMSIS/Core/Include
  D:/APP/Keil_v5/Keil/STM32F1xx_DFP/2.2.0/Device/Include

<h2>Collection of Component Files used:</h2>

   * Component: ARM::CMSIS:CORE:5.6.0
Build Time Elapsed:  00:00:04
</pre>
</body>
</html>
