Component: ARM Compiler 5.06 update 6 (build 750) Tool: armlink [4d35ed]

==============================================================================

Section Cross References

    startup_stm32f103xe.o(STACK) refers (Special) to heapauxi.o(.text) for __use_two_region_memory
    startup_stm32f103xe.o(HEAP) refers (Special) to heapauxi.o(.text) for __use_two_region_memory
    startup_stm32f103xe.o(RESET) refers (Special) to heapauxi.o(.text) for __use_two_region_memory
    startup_stm32f103xe.o(RESET) refers to startup_stm32f103xe.o(STACK) for __initial_sp
    startup_stm32f103xe.o(RESET) refers to startup_stm32f103xe.o(.text) for Reset_Handler
    startup_stm32f103xe.o(RESET) refers to stm32f1xx_it.o(i.NMI_Handler) for NMI_Handler
    startup_stm32f103xe.o(RESET) refers to stm32f1xx_it.o(i.HardFault_Handler) for HardFault_Handler
    startup_stm32f103xe.o(RESET) refers to stm32f1xx_it.o(i.MemManage_Handler) for MemManage_Handler
    startup_stm32f103xe.o(RESET) refers to stm32f1xx_it.o(i.BusFault_Handler) for BusFault_Handler
    startup_stm32f103xe.o(RESET) refers to stm32f1xx_it.o(i.UsageFault_Handler) for UsageFault_Handler
    startup_stm32f103xe.o(RESET) refers to stm32f1xx_it.o(i.SVC_Handler) for SVC_Handler
    startup_stm32f103xe.o(RESET) refers to stm32f1xx_it.o(i.DebugMon_Handler) for DebugMon_Handler
    startup_stm32f103xe.o(RESET) refers to stm32f1xx_it.o(i.PendSV_Handler) for PendSV_Handler
    startup_stm32f103xe.o(RESET) refers to stm32f1xx_it.o(i.SysTick_Handler) for SysTick_Handler
    startup_stm32f103xe.o(.text) refers (Special) to heapauxi.o(.text) for __use_two_region_memory
    startup_stm32f103xe.o(.text) refers to system_stm32f1xx.o(i.SystemInit) for SystemInit
    startup_stm32f103xe.o(.text) refers to __main.o(!!!main) for __main
    startup_stm32f103xe.o(.text) refers to startup_stm32f103xe.o(HEAP) for Heap_Mem
    startup_stm32f103xe.o(.text) refers to startup_stm32f103xe.o(STACK) for Stack_Mem
    main.o(i.SystemClock_Config) refers to rt_memclr_w.o(.text) for __aeabi_memclr4
    main.o(i.SystemClock_Config) refers to stm32f1xx_hal_rcc.o(i.HAL_RCC_OscConfig) for HAL_RCC_OscConfig
    main.o(i.SystemClock_Config) refers to stm32f1xx_hal_rcc.o(i.HAL_RCC_ClockConfig) for HAL_RCC_ClockConfig
    main.o(i.main) refers to stm32f1xx_hal.o(i.HAL_Init) for HAL_Init
    main.o(i.main) refers to main.o(i.SystemClock_Config) for SystemClock_Config
    main.o(i.main) refers to gpio.o(i.MX_GPIO_Init) for MX_GPIO_Init
    main.o(i.main) refers to delay.o(i.delay_init) for delay_init
    main.o(i.main) refers to lcd.o(i.LCD_Init) for LCD_Init
    main.o(i.main) refers to test.o(i.Touch_Test) for Touch_Test
    gpio.o(i.MX_GPIO_Init) refers to stm32f1xx_hal_gpio.o(i.HAL_GPIO_WritePin) for HAL_GPIO_WritePin
    gpio.o(i.MX_GPIO_Init) refers to stm32f1xx_hal_gpio.o(i.HAL_GPIO_Init) for HAL_GPIO_Init
    stm32f1xx_it.o(i.SysTick_Handler) refers to stm32f1xx_hal.o(i.HAL_IncTick) for HAL_IncTick
    stm32f1xx_hal.o(i.HAL_DeInit) refers to stm32f1xx_hal.o(i.HAL_MspDeInit) for HAL_MspDeInit
    stm32f1xx_hal.o(i.HAL_Delay) refers to stm32f1xx_hal.o(i.HAL_GetTick) for HAL_GetTick
    stm32f1xx_hal.o(i.HAL_Delay) refers to stm32f1xx_hal.o(.data) for .data
    stm32f1xx_hal.o(i.HAL_GetTick) refers to stm32f1xx_hal.o(.data) for .data
    stm32f1xx_hal.o(i.HAL_GetTickFreq) refers to stm32f1xx_hal.o(.data) for .data
    stm32f1xx_hal.o(i.HAL_GetTickPrio) refers to stm32f1xx_hal.o(.data) for .data
    stm32f1xx_hal.o(i.HAL_IncTick) refers to stm32f1xx_hal.o(.data) for .data
    stm32f1xx_hal.o(i.HAL_Init) refers to stm32f1xx_hal_cortex.o(i.HAL_NVIC_SetPriorityGrouping) for HAL_NVIC_SetPriorityGrouping
    stm32f1xx_hal.o(i.HAL_Init) refers to stm32f1xx_hal.o(i.HAL_InitTick) for HAL_InitTick
    stm32f1xx_hal.o(i.HAL_Init) refers to stm32f1xx_hal_msp.o(i.HAL_MspInit) for HAL_MspInit
    stm32f1xx_hal.o(i.HAL_InitTick) refers to stm32f1xx_hal_cortex.o(i.HAL_SYSTICK_Config) for HAL_SYSTICK_Config
    stm32f1xx_hal.o(i.HAL_InitTick) refers to stm32f1xx_hal_cortex.o(i.HAL_NVIC_SetPriority) for HAL_NVIC_SetPriority
    stm32f1xx_hal.o(i.HAL_InitTick) refers to stm32f1xx_hal.o(.data) for .data
    stm32f1xx_hal.o(i.HAL_InitTick) refers to system_stm32f1xx.o(.data) for SystemCoreClock
    stm32f1xx_hal.o(i.HAL_SetTickFreq) refers to stm32f1xx_hal.o(i.HAL_InitTick) for HAL_InitTick
    stm32f1xx_hal.o(i.HAL_SetTickFreq) refers to stm32f1xx_hal.o(.data) for .data
    stm32f1xx_hal_rcc.o(i.HAL_RCC_ClockConfig) refers to stm32f1xx_hal.o(i.HAL_GetTick) for HAL_GetTick
    stm32f1xx_hal_rcc.o(i.HAL_RCC_ClockConfig) refers to stm32f1xx_hal_rcc.o(i.HAL_RCC_GetSysClockFreq) for HAL_RCC_GetSysClockFreq
    stm32f1xx_hal_rcc.o(i.HAL_RCC_ClockConfig) refers to stm32f1xx_hal.o(i.HAL_InitTick) for HAL_InitTick
    stm32f1xx_hal_rcc.o(i.HAL_RCC_ClockConfig) refers to system_stm32f1xx.o(.constdata) for AHBPrescTable
    stm32f1xx_hal_rcc.o(i.HAL_RCC_ClockConfig) refers to system_stm32f1xx.o(.data) for SystemCoreClock
[...]
    Removing gui.o(i.LCD_DrawRectangle), (58 bytes).
    Removing test.o(.rev16_text), (4 bytes).
    Removing test.o(.revsh_text), (4 bytes).
    Removing test.o(.rrx_text), (6 bytes).
    Removing test.o(i.Chinese_Font_test), (236 bytes).
    Removing test.o(i.English_Font_test), (408 bytes).
    Removing test.o(i.Pic_test), (148 bytes).
    Removing test.o(i.Rotate_Test), (136 bytes).
    Removing test.o(i.Test_Circle), (208 bytes).
    Removing test.o(i.Test_Color), (232 bytes).
    Removing test.o(i.Test_FillRec), (232 bytes).
    Removing test.o(i.Test_Triangle), (268 bytes).
    Removing test.o(i.main_test), (204 bytes).
    Removing test.o(.constdata), (3216 bytes).
    Removing test.o(.conststring), (53 bytes).
    Removing delay.o(.rev16_text), (4 bytes).
    Removing delay.o(.revsh_text), (4 bytes).
    Removing delay.o(.rrx_text), (6 bytes).

231 unused section(s) (total 14454 bytes) removed from the image.

==============================================================================

Image Symbol Table

    Local Symbols

    Symbol Name                              Value     Ov Type        Size  Object(Section)

    ../Core/Src/gpio.c                       0x00000000   Number         0  gpio.o ABSOLUTE
    ../Core/Src/main.c                       0x00000000   Number         0  main.o ABSOLUTE
    ../Core/Src/stm32f1xx_hal_msp.c          0x00000000   Number         0  stm32f1xx_hal_msp.o ABSOLUTE
    ../Core/Src/stm32f1xx_it.c               0x00000000   Number         0  stm32f1xx_it.o ABSOLUTE
    ../Core/Src/system_stm32f1xx.c           0x00000000   Number         0  system_stm32f1xx.o ABSOLUTE
    ../Drivers/STM32F1xx_HAL_Driver/Src/stm32f1xx_hal.c 0x00000000   Number         0  stm32f1xx_hal.o ABSOLUTE
    ../Drivers/STM32F1xx_HAL_Driver/Src/stm32f1xx_hal_cortex.c 0x00000000   Number         0  stm32f1xx_hal_cortex.o ABSOLUTE
    ../Drivers/STM32F1xx_HAL_Driver/Src/stm32f1xx_hal_dma.c 0x00000000   Number         0  stm32f1xx_hal_dma.o ABSOLUTE
    ../Drivers/STM32F1xx_HAL_Driver/Src/stm32f1xx_hal_exti.c 0x00000000   Number         0  stm32f1xx_hal_exti.o ABSOLUTE
    ../Drivers/STM32F1xx_HAL_Driver/Src/stm32f1xx_hal_flash.c 0x00000000   Number         0  stm32f1xx_hal_flash.o ABSOLUTE
    ../Drivers/STM32F1xx_HAL_Driver/Src/stm32f1xx_hal_flash_ex.c 0x00000000   Number         0  stm32f1xx_hal_flash_ex.o ABSOLUTE
    ../Drivers/STM32F1xx_HAL_Driver/Src/stm32f1xx_hal_gpio.c 0x00000000   Number         0  stm32f1xx_hal_gpio.o ABSOLUTE
    ../Drivers/STM32F1xx_HAL_Driver/Src/stm32f1xx_hal_gpio_ex.c 0x00000000   Number         0  stm32f1xx_hal_gpio_ex.o ABSOLUTE
    ../Drivers/STM32F1xx_HAL_Driver/Src/stm32f1xx_hal_pwr.c 0x00000000   Number         0  stm32f1xx_hal_pwr.o ABSOLUTE
    ../Drivers/STM32F1xx_HAL_Driver/Src/stm32f1xx_hal_rcc.c 0x00000000   Number         0  stm32f1xx_hal_rcc.o ABSOLUTE
    ../Drivers/STM32F1xx_HAL_Driver/Src/stm32f1xx_hal_rcc_ex.c 0x00000000   Number         0  stm32f1xx_hal_rcc_ex.o ABSOLUTE
    ../Drivers/STM32F1xx_HAL_Driver/Src/stm32f1xx_hal_tim.c 0x00000000   Number         0  stm32f1xx_hal_tim.o ABSOLUTE
    ../Drivers/STM32F1xx_HAL_Driver/Src/stm32f1xx_hal_tim_ex.c 0x00000000   Number         0  stm32f1xx_hal_tim_ex.o ABSOLUTE
    ../clib/angel/boardlib.s                 0x00000000   Number         0  boardinit3.o ABSOLUTE
    ../clib/angel/boardlib.s                 0x00000000   Number         0  boardinit2.o ABSOLUTE
    ../clib/angel/boardlib.s                 0x00000000   Number         0  boardinit1.o ABSOLUTE
    ../clib/angel/boardlib.s                 0x00000000   Number         0  boardshut.o ABSOLUTE
    ../clib/angel/handlers.s                 0x00000000   Number         0  __scatter_copy.o ABSOLUTE
    ../clib/angel/handlers.s                 0x00000000   Number         0  __scatter_zi.o ABSOLUTE
    ../clib/angel/kernel.s                   0x00000000   Number         0  rtexit.o ABSOLUTE
    ../clib/angel/kernel.s                   0x00000000   Number         0  __rtentry4.o ABSOLUTE
    ../clib/angel/kernel.s                   0x00000000   Number         0  rtexit2.o ABSOLUTE
    ../clib/angel/kernel.s                   0x00000000   Number         0  __rtentry.o ABSOLUTE
    ../clib/angel/kernel.s                   0x00000000   Number         0  __rtentry2.o ABSOLUTE
    ../clib/angel/rt.s                       0x00000000   Number         0  rt_errno_addr.o ABSOLUTE
    ../clib/angel/rt.s                       0x00000000   Number         0  rt_errno_addr_intlibspace.o ABSOLUTE
    ../clib/angel/rt.s                       0x00000000   Number         0  rt_raise.o ABSOLUTE
    ../clib/angel/scatter.s                  0x00000000   Number         0  __scatter.o ABSOLUTE
    ../clib/angel/startup.s                  0x00000000   Number         0  __main.o ABSOLUTE
    ../clib/angel/sys.s                      0x00000000   Number         0  sys_stackheap_outer.o ABSOLUTE
    ../clib/angel/sys.s                      0x00000000   Number         0  indicate_semi.o ABSOLUTE
    ../clib/angel/sys.s                      0x00000000   Number         0  use_no_semi.o ABSOLUTE
    ../clib/angel/sys.s                      0x00000000   Number         0  libspace.o ABSOLUTE
    ../clib/angel/sysapp.c                   0x00000000   Number         0  sys_wrch.o ABSOLUTE
    ../clib/angel/sysapp.c                   0x00000000   Number         0  sys_command.o ABSOLUTE
    ../clib/angel/sysapp.c                   0x00000000   Number         0  sys_exit.o ABSOLUTE
    ../clib/armsys.c                         0x00000000   Number         0  argv_veneer.o ABSOLUTE
    ../clib/armsys.c                         0x00000000   Number         0  argv_veneer.o ABSOLUTE
    ../clib/armsys.c                         0x00000000   Number         0  _get_argv_nomalloc.o ABSOLUTE
    ../clib/armsys.c                         0x00000000   Number         0  no_argv.o ABSOLUTE
    ../clib/fenv.c                           0x00000000   Number         0  _rserrno.o ABSOLUTE
    ../clib/heapalloc.c                      0x00000000   Number         0  hrguard.o ABSOLUTE
    ../clib/heapaux.c                        0x00000000   Number         0  heapauxi.o ABSOLUTE
    ../clib/libinit.s                        0x00000000   Number         0  libshutdown2.o ABSOLUTE
    ../clib/libinit.s                        0x00000000   Number         0  libinit.o ABSOLUTE
    ../clib/libinit.s                        0x00000000   Number         0  libinit2.o ABSOLUTE
    ../clib/libinit.s                        0x00000000   Number         0  libshutdown.o ABSOLUTE
    ../clib/longlong.s                       0x00000000   Number         0  llushr.o ABSOLUTE
    ../clib/memcpset.s                       0x00000000   Number         0  rt_memclr_w.o ABSOLUTE
    ../clib/signal.c                         0x00000000   Number         0  defsig_rtmem_formal.o ABSOLUTE
    ../clib/signal.c                         0x00000000   Number         0  defsig_cppl_inner.o ABSOLUTE
    ../clib/signal.c                         0x00000000   Number         0  defsig_pvfn_inner.o ABSOLUTE
    ../clib/signal.c                         0x00000000   Number         0  defsig_stak_inner.o ABSOLUTE
    ../clib/signal.c                         0x00000000   Number         0  defsig_rtred_inner.o ABSOLUTE
    ../clib/signal.c                         0x00000000   Number         0  defsig_fpe_inner.o ABSOLUTE
    ../clib/signal.c                         0x00000000   Number         0  defsig_rtmem_inner.o ABSOLUTE
    ../clib/signal.c                         0x00000000   Number         0  defsig_abrt_inner.o ABSOLUTE
    ../clib/signal.c                         0x00000000   Number         0  defsig_exit.o ABSOLUTE
    ../clib/signal.c                         0x00000000   Number         0  defsig_general.o ABSOLUTE
    ../clib/signal.c                         0x00000000   Number         0  __raise.o ABSOLUTE
    ../clib/signal.c                         0x00000000   Number         0  defsig_other.o ABSOLUTE
    ../clib/signal.c                         0x00000000   Number         0  defsig_segv_inner.o ABSOLUTE
    ../clib/signal.c                         0x00000000   Number         0  defsig_rtmem_outer.o ABSOLUTE
    ../clib/signal.s                         0x00000000   Number         0  defsig.o ABSOLUTE
    ../clib/stdlib.c                         0x00000000   Number         0  exit.o ABSOLUTE
    ../clib/string.c                         0x00000000   Number         0  strlen.o ABSOLUTE
    ../fplib/dcmpi.s                         0x00000000   Number         0  dcmpi.o ABSOLUTE
    ../fplib/dfixu.s                         0x00000000   Number         0  dfixu.o ABSOLUTE
    ../fplib/dflt.s                          0x00000000   Number         0  dflt_clz.o ABSOLUTE
    ../fplib/dleqf.s                         0x00000000   Number         0  dleqf.o ABSOLUTE
    ../fplib/dnaninf.s                       0x00000000   Number         0  dnaninf.o ABSOLUTE
    ../fplib/dsqrt.s                         0x00000000   Number         0  dsqrt_noumaal.o ABSOLUTE
    ../fplib/faddsub.s                       0x00000000   Number         0  faddsub_clz.o ABSOLUTE
    ../fplib/fcheck1.s                       0x00000000   Number         0  fcheck1.o ABSOLUTE
    ../fplib/fdiv.s                          0x00000000   Number         0  fdiv.o ABSOLUTE
    ../fplib/ffix.s                          0x00000000   Number         0  ffix.o ABSOLUTE
    ../fplib/ffixu.s                         0x00000000   Number         0  ffixu.o ABSOLUTE
    ../fplib/fflt.s                          0x00000000   Number         0  fflt_clz.o ABSOLUTE
    ../fplib/fmul.s                          0x00000000   Number         0  fmul.o ABSOLUTE
    ../fplib/fnaninf.s                       0x00000000   Number         0  fnaninf.o ABSOLUTE
    ../fplib/fpinit.s                        0x00000000   Number         0  fpinit.o ABSOLUTE
    ../fplib/fretinf.s                       0x00000000   Number         0  fretinf.o ABSOLUTE
    ../fplib/retnan.s                        0x00000000   Number         0  retnan.o ABSOLUTE
    ../fplib/scalbnf.s                       0x00000000   Number         0  scalbnf.o ABSOLUTE
    ../fplib/trapv.s                         0x00000000   Number         0  trapv.o ABSOLUTE
    ../fplib/usenofp.s                       0x00000000   Number         0  usenofp.o ABSOLUTE
    ../mathlib/sqrt.c                        0x00000000   Number         0  sqrt_x.o ABSOLUTE
    ../mathlib/sqrt.c                        0x00000000   Number         0  sqrt.o ABSOLUTE
    ..\Core\Src\gpio.c                       0x00000000   Number         0  gpio.o ABSOLUTE
    ..\Core\Src\main.c                       0x00000000   Number         0  main.o ABSOLUTE
    ..\Core\Src\stm32f1xx_hal_msp.c          0x00000000   Number         0  stm32f1xx_hal_msp.o ABSOLUTE
    ..\Core\Src\stm32f1xx_it.c               0x00000000   Number         0  stm32f1xx_it.o ABSOLUTE
    ..\Core\Src\system_stm32f1xx.c           0x00000000   Number         0  system_stm32f1xx.o ABSOLUTE
    ..\Drivers\STM32F1xx_HAL_Driver\Src\stm32f1xx_hal.c 0x00000000   Number         0  stm32f1xx_hal.o ABSOLUTE
    ..\Drivers\STM32F1xx_HAL_Driver\Src\stm32f1xx_hal_cortex.c 0x00000000   Number         0  stm32f1xx_hal_cortex.o ABSOLUTE
    ..\Drivers\STM32F1xx_HAL_Driver\Src\stm32f1xx_hal_dma.c 0x00000000   Number         0  stm32f1xx_hal_dma.o ABSOLUTE
    ..\Drivers\STM32F1xx_HAL_Driver\Src\stm32f1xx_hal_exti.c 0x00000000   Number         0  stm32f1xx_hal_exti.o ABSOLUTE
    ..\Drivers\STM32F1xx_HAL_Driver\Src\stm32f1xx_hal_flash.c 0x00000000   Number         0  stm32f1xx_hal_flash.o ABSOLUTE
    ..\Drivers\STM32F1xx_HAL_Driver\Src\stm32f1xx_hal_flash_ex.c 0x00000000   Number         0  stm32f1xx_hal_flash_ex.o ABSOLUTE
    ..\Drivers\STM32F1xx_HAL_Driver\Src\stm32f1xx_hal_gpio.c 0x00000000   Number         0  stm32f1xx_hal_gpio.o ABSOLUTE
    ..\Drivers\STM32F1xx_HAL_Driver\Src\stm32f1xx_hal_gpio_ex.c 0x00000000   Number         0  stm32f1xx_hal_gpio_ex.o ABSOLUTE
    ..\Drivers\STM32F1xx_HAL_Driver\Src\stm32f1xx_hal_pwr.c 0x00000000   Number         0  stm32f1xx_hal_pwr.o ABSOLUTE
    ..\Drivers\STM32F1xx_HAL_Driver\Src\stm32f1xx_hal_rcc.c 0x00000000   Number         0  stm32f1xx_hal_rcc.o ABSOLUTE
    ..\Drivers\STM32F1xx_HAL_Driver\Src\stm32f1xx_hal_rcc_ex.c 0x00000000   Number         0  stm32f1xx_hal_rcc_ex.o ABSOLUTE
    ..\Drivers\STM32F1xx_HAL_Driver\Src\stm32f1xx_hal_tim.c 0x00000000   Number         0  stm32f1xx_hal_tim.o ABSOLUTE
    ..\Drivers\STM32F1xx_HAL_Driver\Src\stm32f1xx_hal_tim_ex.c 0x00000000   Number         0  stm32f1xx_hal_tim_ex.o ABSOLUTE
    ..\HARDWARE\24CXX\24cxx.c                0x00000000   Number         0  24cxx.o ABSOLUTE
    ..\HARDWARE\GUI.c                        0x00000000   Number         0  gui.o ABSOLUTE
    ..\HARDWARE\IIC\myiic.c                  0x00000000   Number         0  myiic.o ABSOLUTE
    ..\HARDWARE\KEY\key.c                    0x00000000   Number         0  key.o ABSOLUTE
    ..\HARDWARE\LCD\lcd.c                    0x00000000   Number         0  lcd.o ABSOLUTE
    ..\HARDWARE\LED\led.c                    0x00000000   Number         0  led.o ABSOLUTE
    ..\HARDWARE\SPI\SPI.c                    0x00000000   Number         0  spi.o ABSOLUTE
    ..\HARDWARE\TOUCH\touch.c                0x00000000   Number         0  touch.o ABSOLUTE
    ..\HARDWARE\delay.c                      0x00000000   Number         0  delay.o ABSOLUTE
    ..\HARDWARE\test.c                       0x00000000   Number         0  test.o ABSOLUTE
    ..\\HARDWARE\\24CXX\\24cxx.c             0x00000000   Number         0  24cxx.o ABSOLUTE
    ..\\HARDWARE\\GUI.c                      0x00000000   Number         0  gui.o ABSOLUTE
    ..\\HARDWARE\\IIC\\myiic.c               0x00000000   Number         0  myiic.o ABSOLUTE
    ..\\HARDWARE\\KEY\\key.c                 0x00000000   Number         0  key.o ABSOLUTE
    ..\\HARDWARE\\LCD\\lcd.c                 0x00000000   Number         0  lcd.o ABSOLUTE
    ..\\HARDWARE\\LED\\led.c                 0x00000000   Number         0  led.o ABSOLUTE
    ..\\HARDWARE\\SPI\\SPI.c                 0x00000000   Number         0  spi.o ABSOLUTE
    ..\\HARDWARE\\TOUCH\\touch.c             0x00000000   Number         0  touch.o ABSOLUTE
    ..\\HARDWARE\\delay.c                    0x00000000   Number         0  delay.o ABSOLUTE
    ..\\HARDWARE\\test.c                     0x00000000   Number         0  test.o ABSOLUTE
    dc.s                                     0x00000000   Number         0  dc.o ABSOLUTE
    startup_stm32f103xe.s                    0x00000000   Number         0  startup_stm32f103xe.o ABSOLUTE
    RESET                                    0x08000000   Section      304  startup_stm32f103xe.o(RESET)
    !!!main                                  0x08000130   Section        8  __main.o(!!!main)
    !!!scatter                               0x08000138   Section       52  __scatter.o(!!!scatter)
    !!handler_copy                           0x0800016c   Section       26  __scatter_copy.o(!!handler_copy)
    !!handler_zi                             0x08000188   Section       28  __scatter_zi.o(!!handler_zi)
    .ARM.Collect$$libinit$$00000000          0x080001a4   Section        2  libinit.o(.ARM.Collect$$libinit$$00000000)
    .ARM.Collect$$libinit$$00000002          0x080001a6   Section        0  libinit2.o(.ARM.Collect$$libinit$$00000002)
    .ARM.Collect$$libinit$$00000004          0x080001a6   Section        0  libinit2.o(.ARM.Collect$$libinit$$00000004)
    .ARM.Collect$$libinit$$0000000A          0x080001a6   Section        0  libinit2.o(.ARM.Collect$$libinit$$0000000A)
    .ARM.Collect$$libinit$$0000000C          0x080001a6   Section        0  libinit2.o(.ARM.Collect$$libinit$$0000000C)
    .ARM.Collect$$libinit$$0000000E          0x080001a6   Section        0  libinit2.o(.ARM.Collect$$libinit$$0000000E)
    .ARM.Collect$$libinit$$00000011          0x080001a6   Section        0  libinit2.o(.ARM.Collect$$libinit$$00000011)
    .ARM.Collect$$libinit$$00000013          0x080001a6   Section        0  libinit2.o(.ARM.Collect$$libinit$$00000013)
    .ARM.Collect$$libinit$$00000015          0x080001a6   Section        0  libinit2.o(.ARM.Collect$$libinit$$00000015)
    .ARM.Collect$$libinit$$00000017          0x080001a6   Section        0  libinit2.o(.ARM.Collect$$libinit$$00000017)
    .ARM.Collect$$libinit$$00000019          0x080001a6   Section        0  libinit2.o(.ARM.Collect$$libinit$$00000019)
    .ARM.Collect$$libinit$$0000001B          0x080001a6   Section        0  libinit2.o(.ARM.Collect$$libinit$$0000001B)
    .ARM.Collect$$libinit$$0000001D          0x080001a6   Section        0  libinit2.o(.ARM.Collect$$libinit$$0000001D)
    .ARM.Collect$$libinit$$0000001F          0x080001a6   Section        0  libinit2.o(.ARM.Collect$$libinit$$0000001F)
    .ARM.Collect$$libinit$$00000021          0x080001a6   Section        0  libinit2.o(.ARM.Collect$$libinit$$00000021)
    .ARM.Collect$$libinit$$00000023          0x080001a6   Section        0  libinit2.o(.ARM.Collect$$libinit$$00000023)
    .ARM.Collect$$libinit$$00000025          0x080001a6   Section        0  libinit2.o(.ARM.Collect$$libinit$$00000025)
    .ARM.Collect$$libinit$$0000002C          0x080001a6   Section        0  libinit2.o(.ARM.Collect$$libinit$$0000002C)
    .ARM.Collect$$libinit$$0000002E          0x080001a6   Section        0  libinit2.o(.ARM.Collect$$libinit$$0000002E)
    .ARM.Collect$$libinit$$00000030          0x080001a6   Section        0  libinit2.o(.ARM.Collect$$libinit$$00000030)
    .ARM.Collect$$libinit$$00000032          0x080001a6   Section        0  libinit2.o(.ARM.Collect$$libinit$$00000032)
    .ARM.Collect$$libinit$$00000033          0x080001a6   Section        2  libinit2.o(.ARM.Collect$$libinit$$00000033)
    .ARM.Collect$$libshutdown$$00000000      0x080001a8   Section        2  libshutdown.o(.ARM.Collect$$libshutdown$$00000000)
    .ARM.Collect$$libshutdown$$00000002      0x080001aa   Section        0  libshutdown2.o(.ARM.Collect$$libshutdown$$00000002)
    .ARM.Collect$$libshutdown$$00000004      0x080001aa   Section        0  libshutdown2.o(.ARM.Collect$$libshutdown$$00000004)
    .ARM.Collect$$libshutdown$$00000007      0x080001aa   Section        0  libshutdown2.o(.ARM.Collect$$libshutdown$$00000007)
    .ARM.Collect$$libshutdown$$0000000A      0x080001aa   Section        0  libshutdown2.o(.ARM.Collect$$libshutdown$$0000000A)
    .ARM.Collect$$libshutdown$$0000000C      0x080001aa   Section        0  libshutdown2.o(.ARM.Collect$$libshutdown$$0000000C)
    .ARM.Collect$$libshutdown$$0000000F      0x080001aa   Section        0  libshutdown2.o(.ARM.Collect$$libshutdown$$0000000F)
    .ARM.Collect$$libshutdown$$00000010      0x080001aa   Section        2  libshutdown2.o(.ARM.Collect$$libshutdown$$00000010)
    .ARM.Collect$$rtentry$$00000000          0x080001ac   Section        0  __rtentry.o(.ARM.Collect$$rtentry$$00000000)
    .ARM.Collect$$rtentry$$00000002          0x080001ac   Section        0  __rtentry2.o(.ARM.Collect$$rtentry$$00000002)
    .ARM.Collect$$rtentry$$00000004          0x080001ac   Section        6  __rtentry4.o(.ARM.Collect$$rtentry$$00000004)
    .ARM.Collect$$rtentry$$00000009          0x080001b2   Section        0  __rtentry2.o(.ARM.Collect$$rtentry$$00000009)
    .ARM.Collect$$rtentry$$0000000A          0x080001b2   Section        4  __rtentry2.o(.ARM.Collect$$rtentry$$0000000A)
    .ARM.Collect$$rtentry$$0000000C          0x080001b6   Section        0  __rtentry2.o(.ARM.Collect$$rtentry$$0000000C)
    .ARM.Collect$$rtentry$$0000000D          0x080001b6   Section        8  __rtentry2.o(.ARM.Collect$$rtentry$$0000000D)
    .ARM.Collect$$rtexit$$00000000           0x080001be   Section        2  rtexit.o(.ARM.Collect$$rtexit$$00000000)
    .ARM.Collect$$rtexit$$00000002           0x080001c0   Section        0  rtexit2.o(.ARM.Collect$$rtexit$$00000002)
    .ARM.Collect$$rtexit$$00000003           0x080001c0   Section        4  rtexit2.o(.ARM.Collect$$rtexit$$00000003)
    .ARM.Collect$$rtexit$$00000004           0x080001c4   Section        6  rtexit2.o(.ARM.Collect$$rtexit$$00000004)
    .text                                    0x080001cc   Section       64  startup_stm32f103xe.o(.text)
    .text                                    0x0800020c   Section        0  strlen.o(.text)
    .text                                    0x0800024a   Section       78  rt_memclr_w.o(.text)
    .text                                    0x08000298   Section        0  heapauxi.o(.text)
    .text                                    0x0800029e   Section        0  _rserrno.o(.text)
    .text                                    0x080002b4   Section        8  rt_errno_addr_intlibspace.o(.text)
    .text                                    0x080002bc   Section        8  libspace.o(.text)
    .text                                    0x080002c4   Section       74  sys_stackheap_outer.o(.text)
    .text                                    0x0800030e   Section        0  exit.o(.text)
    .text                                    0x08000320   Section        0  sys_exit.o(.text)
    .text                                    0x0800032c   Section        2  use_no_semi.o(.text)
    .text                                    0x0800032e   Section        0  indicate_semi.o(.text)
    i.AT24CXX_Init                           0x0800032e   Section        0  24cxx.o(i.AT24CXX_Init)
    i.AT24CXX_ReadLenByte                    0x08000332   Section        0  24cxx.o(i.AT24CXX_ReadLenByte)
    i.AT24CXX_ReadOneByte                    0x0800035c   Section        0  24cxx.o(i.AT24CXX_ReadOneByte)
    i.AT24CXX_WriteLenByte                   0x0800039e   Section        0  24cxx.o(i.AT24CXX_WriteLenByte)
    i.AT24CXX_WriteOneByte                   0x080003c8   Section        0  24cxx.o(i.AT24CXX_WriteOneByte)
    i.BusFault_Handler                       0x08000406   Section        0  stm32f1xx_it.o(i.BusFault_Handler)
    i.DebugMon_Handler                       0x08000408   Section        0  stm32f1xx_it.o(i.DebugMon_Handler)
    i.DrawTestPage                           0x0800040c   Section        0  test.o(i.DrawTestPage)
    i.GUI_DrawFont16                         0x08000498   Section        0  gui.o(i.GUI_DrawFont16)
    i.GUI_DrawFont24                         0x08000584   Section        0  gui.o(i.GUI_DrawFont24)
    i.GUI_DrawFont32                         0x08000674   Section        0  gui.o(i.GUI_DrawFont32)
    i.GUI_DrawPoint                          0x08000760   Section        0  gui.o(i.GUI_DrawPoint)
    i.Gui_StrCenter                          0x08000774   Section        0  gui.o(i.Gui_StrCenter)
    i.HAL_GPIO_Init                          0x080007b8   Section        0  stm32f1xx_hal_gpio.o(i.HAL_GPIO_Init)
    i.HAL_GPIO_ReadPin                       0x080009b0   Section        0  stm32f1xx_hal_gpio.o(i.HAL_GPIO_ReadPin)
    i.HAL_GPIO_WritePin                      0x080009ba   Section        0  stm32f1xx_hal_gpio.o(i.HAL_GPIO_WritePin)
    i.HAL_GetTick                            0x080009c4   Section        0  stm32f1xx_hal.o(i.HAL_GetTick)
    i.HAL_IncTick                            0x080009d0   Section        0  stm32f1xx_hal.o(i.HAL_IncTick)
    i.HAL_Init                               0x080009e0   Section        0  stm32f1xx_hal.o(i.HAL_Init)
    i.HAL_InitTick                           0x08000a04   Section        0  stm32f1xx_hal.o(i.HAL_InitTick)
    i.HAL_MspInit                            0x08000a44   Section        0  stm32f1xx_hal_msp.o(i.HAL_MspInit)
    i.HAL_NVIC_SetPriority                   0x08000a80   Section        0  stm32f1xx_hal_cortex.o(i.HAL_NVIC_SetPriority)
    i.HAL_NVIC_SetPriorityGrouping           0x08000ac0   Section        0  stm32f1xx_hal_cortex.o(i.HAL_NVIC_SetPriorityGrouping)
    i.HAL_RCC_ClockConfig                    0x08000ae4   Section        0  stm32f1xx_hal_rcc.o(i.HAL_RCC_ClockConfig)
    i.HAL_RCC_GetHCLKFreq                    0x08000c10   Section        0  stm32f1xx_hal_rcc.o(i.HAL_RCC_GetHCLKFreq)
    i.HAL_RCC_GetSysClockFreq                0x08000c1c   Section        0  stm32f1xx_hal_rcc.o(i.HAL_RCC_GetSysClockFreq)
    i.HAL_RCC_OscConfig                      0x08000c68   Section        0  stm32f1xx_hal_rcc.o(i.HAL_RCC_OscConfig)
    i.HAL_SYSTICK_Config                     0x08000f88   Section        0  stm32f1xx_hal_cortex.o(i.HAL_SYSTICK_Config)
    i.HardFault_Handler                      0x08000fb0   Section        0  stm32f1xx_it.o(i.HardFault_Handler)
    i.IIC_Ack                                0x08000fb4   Section        0  myiic.o(i.IIC_Ack)
    i.IIC_Init                               0x08000ff4   Section        0  myiic.o(i.IIC_Init)
    i.IIC_NAck                               0x08001040   Section        0  myiic.o(i.IIC_NAck)
    i.IIC_Read_Byte                          0x08001080   Section        0  myiic.o(i.IIC_Read_Byte)
    i.IIC_Send_Byte                          0x080010ec   Section        0  myiic.o(i.IIC_Send_Byte)
    i.IIC_Start                              0x0800114c   Section        0  myiic.o(i.IIC_Start)
    i.IIC_Stop                               0x0800118c   Section        0  myiic.o(i.IIC_Stop)
    i.IIC_Wait_Ack                           0x080011d0   Section        0  myiic.o(i.IIC_Wait_Ack)
    i.KEY_Init                               0x08001228   Section        0  key.o(i.KEY_Init)
    i.KEY_Scan                               0x08001294   Section        0  key.o(i.KEY_Scan)
    i.LCD_Clear                              0x080012fc   Section        0  lcd.o(i.LCD_Clear)
    i.LCD_DrawLine                           0x08001358   Section        0  gui.o(i.LCD_DrawLine)
    i.LCD_DrawPoint                          0x080013f4   Section        0  lcd.o(i.LCD_DrawPoint)
    i.LCD_Fill                               0x0800140c   Section        0  gui.o(i.LCD_Fill)
    i.LCD_GPIOInit                           0x08001460   Section        0  lcd.o(i.LCD_GPIOInit)
    i.LCD_Init                               0x080014ac   Section        0  lcd.o(i.LCD_Init)
    i.LCD_RESET                              0x0800166c   Section        0  lcd.o(i.LCD_RESET)
    i.LCD_SetCursor                          0x08001690   Section        0  lcd.o(i.LCD_SetCursor)
    i.LCD_SetWindows                         0x08001698   Section        0  lcd.o(i.LCD_SetWindows)
    i.LCD_ShowChar                           0x080016f4   Section        0  gui.o(i.LCD_ShowChar)
    i.LCD_ShowNum                            0x080017fc   Section        0  gui.o(i.LCD_ShowNum)
    i.LCD_ShowString                         0x08001880   Section        0  gui.o(i.LCD_ShowString)
    i.LCD_WR_DATA                            0x080018e0   Section        0  lcd.o(i.LCD_WR_DATA)
    i.LCD_WR_REG                             0x08001900   Section        0  lcd.o(i.LCD_WR_REG)
    i.LCD_WriteRAM_Prepare                   0x08001920   Section        0  lcd.o(i.LCD_WriteRAM_Prepare)
    i.LCD_WriteReg                           0x0800192c   Section        0  lcd.o(i.LCD_WriteReg)
    i.LCD_direction                          0x08001940   Section        0  lcd.o(i.LCD_direction)
    i.LED_Init                               0x08001990   Section        0  led.o(i.LED_Init)
    i.Lcd_WriteData_16Bit                    0x08001a04   Section        0  lcd.o(i.Lcd_WriteData_16Bit)
    i.MX_GPIO_Init                           0x08001a28   Section        0  gpio.o(i.MX_GPIO_Init)
    i.MemManage_Handler                      0x08001b54   Section        0  stm32f1xx_it.o(i.MemManage_Handler)
    i.NMI_Handler                            0x08001b56   Section        0  stm32f1xx_it.o(i.NMI_Handler)
    i.PendSV_Handler                         0x08001b58   Section        0  stm32f1xx_it.o(i.PendSV_Handler)
    i.SPIv_WriteData                         0x08001b5c   Section        0  spi.o(i.SPIv_WriteData)
    i.SVC_Handler                            0x08001b88   Section        0  stm32f1xx_it.o(i.SVC_Handler)
    i.Show_Str                               0x08001b8c   Section        0  gui.o(i.Show_Str)
    i.SysTick_Handler                        0x08001c58   Section        0  stm32f1xx_it.o(i.SysTick_Handler)
    i.SystemClock_Config                     0x08001c5c   Section        0  main.o(i.SystemClock_Config)
    i.SystemInit                             0x08001cba   Section        0  system_stm32f1xx.o(i.SystemInit)
    i.TP_Adj_Info_Show                       0x08001cbc   Section        0  touch.o(i.TP_Adj_Info_Show)
    i.TP_Adjust                              0x08001e14   Section        0  touch.o(i.TP_Adjust)
    i.TP_Draw_Big_Point                      0x08002368   Section        0  touch.o(i.TP_Draw_Big_Point)
    i.TP_Drow_Touch_Point                    0x0800239c   Section        0  touch.o(i.TP_Drow_Touch_Point)
    i.TP_Get_Adjdata                         0x08002418   Section        0  touch.o(i.TP_Get_Adjdata)
    i.TP_Init                                0x08002490   Section        0  touch.o(i.TP_Init)
    i.TP_Read_AD                             0x08002520   Section        0  touch.o(i.TP_Read_AD)
    i.TP_Read_XOY                            0x08002588   Section        0  touch.o(i.TP_Read_XOY)
    i.TP_Read_XY                             0x080025ec   Section        0  touch.o(i.TP_Read_XY)
    i.TP_Read_XY2                            0x08002614   Section        0  touch.o(i.TP_Read_XY2)
    i.TP_Save_Adjdata                        0x08002690   Section        0  touch.o(i.TP_Save_Adjdata)
    i.TP_Scan                                0x080026f8   Section        0  touch.o(i.TP_Scan)
    i.TP_Write_Byte                          0x080027a0   Section        0  touch.o(i.TP_Write_Byte)
    i.Touch_Test                             0x080027d4   Section        0  test.o(i.Touch_Test)
    i.UsageFault_Handler                     0x0800299c   Section        0  stm32f1xx_it.o(i.UsageFault_Handler)
    i.__NVIC_SetPriority                     0x0800299e   Section        0  stm32f1xx_hal_cortex.o(i.__NVIC_SetPriority)
    __NVIC_SetPriority                       0x0800299f   Thumb Code    32  stm32f1xx_hal_cortex.o(i.__NVIC_SetPriority)
    i._draw_circle_8                         0x080029be   Section        0  gui.o(i._draw_circle_8)
    i.delay_init                             0x08002a58   Section        0  delay.o(i.delay_init)
    i.delay_ms                               0x08002a8c   Section        0  delay.o(i.delay_ms)
    i.delay_us                               0x08002ab4   Section        0  delay.o(i.delay_us)
    i.gui_circle                             0x08002adc   Section        0  gui.o(i.gui_circle)
    i.main                                   0x08002b60   Section        0  main.o(i.main)
    i.mypow                                  0x08002b7e   Section        0  gui.o(i.mypow)
    i.sqrt                                   0x08002b8e   Section        0  sqrt.o(i.sqrt)
    x$fpl$dfixu                              0x08002bdc   Section       90  dfixu.o(x$fpl$dfixu)
    x$fpl$dfltu                              0x08002c36   Section       38  dflt_clz.o(x$fpl$dfltu)
    x$fpl$dnaninf                            0x08002c5c   Section      156  dnaninf.o(x$fpl$dnaninf)
    x$fpl$dsqrt                              0x08002cf8   Section      460  dsqrt_noumaal.o(x$fpl$dsqrt)
    x$fpl$fadd                               0x08002ec4   Section      196  faddsub_clz.o(x$fpl$fadd)
    _fadd1                                   0x08002ed3   Thumb Code     0  faddsub_clz.o(x$fpl$fadd)
    x$fpl$fcheck1                            0x08002f88   Section       12  fcheck1.o(x$fpl$fcheck1)
    x$fpl$fdiv                               0x08002f94   Section      388  fdiv.o(x$fpl$fdiv)
    _fdiv1                                   0x08002f95   Thumb Code     0  fdiv.o(x$fpl$fdiv)
    x$fpl$ffix                               0x08003118   Section       54  ffix.o(x$fpl$ffix)
    x$fpl$ffixu                              0x08003150   Section       62  ffixu.o(x$fpl$ffixu)
    x$fpl$fflt                               0x08003190   Section       48  fflt_clz.o(x$fpl$fflt)
    x$fpl$ffltu                              0x080031c0   Section       38  fflt_clz.o(x$fpl$ffltu)
    x$fpl$fmul                               0x080031e8   Section      258  fmul.o(x$fpl$fmul)
    x$fpl$fnaninf                            0x080032ea   Section      140  fnaninf.o(x$fpl$fnaninf)
    x$fpl$fretinf                            0x08003376   Section       10  fretinf.o(x$fpl$fretinf)
    x$fpl$fsub                               0x08003380   Section      234  faddsub_clz.o(x$fpl$fsub)
    _fsub1                                   0x0800338f   Thumb Code     0  faddsub_clz.o(x$fpl$fsub)
    x$fpl$retnan                             0x0800346a   Section      100  retnan.o(x$fpl$retnan)
    x$fpl$scalbnf                            0x080034ce   Section       76  scalbnf.o(x$fpl$scalbnf)
    x$fpl$trapveneer                         0x0800351a   Section       48  trapv.o(x$fpl$trapveneer)
    .constdata                               0x0800354a   Section       18  stm32f1xx_hal_rcc.o(.constdata)
    x$fpl$usenofp                            0x0800354a   Section        0  usenofp.o(x$fpl$usenofp)
    aPredivFactorTable                       0x0800354a   Data           2  stm32f1xx_hal_rcc.o(.constdata)
    aPLLMULFactorTable                       0x0800354c   Data          16  stm32f1xx_hal_rcc.o(.constdata)
    .constdata                               0x0800355c   Section       16  system_stm32f1xx.o(.constdata)
    .constdata                               0x0800356c   Section     5806  gui.o(.constdata)
    .data                                    0x20000000   Section       12  stm32f1xx_hal.o(.data)
    .data                                    0x2000000c   Section        4  system_stm32f1xx.o(.data)
    .data                                    0x20000010   Section        2  lcd.o(.data)
    .data                                    0x20000012   Section        2  lcd.o(.data)
    .data                                    0x20000014   Section       44  touch.o(.data)
    .data                                    0x20000040   Section       10  test.o(.data)
    .data                                    0x2000004a   Section        4  delay.o(.data)
    fac_us                                   0x2000004a   Data           1  delay.o(.data)
    fac_ms                                   0x2000004c   Data           2  delay.o(.data)
    .bss                                     0x20000050   Section       14  lcd.o(.bss)
    .bss                                     0x20000060   Section       96  libspace.o(.bss)
    HEAP                                     0x200000c0   Section      512  startup_stm32f103xe.o(HEAP)
    Heap_Mem                                 0x200000c0   Data         512  startup_stm32f103xe.o(HEAP)
    STACK                                    0x200002c0   Section     1024  startup_stm32f103xe.o(STACK)
    Stack_Mem                                0x200002c0   Data        1024  startup_stm32f103xe.o(STACK)
    __initial_sp                             0x200006c0   Data           0  startup_stm32f103xe.o(STACK)

    Global Symbols

    Symbol Name                              Value     Ov Type        Size  Object(Section)

    BuildAttributes$$THM_ISAv4$P$D$K$B$S$PE$A:L22UL41UL21$X:L11$S22US41US21$IEEE1$IW$USESV6$~STKCKD$USESV7$~SHL$OTIME$ROPI$IEEEJ$EBA8$UX$STANDARDLIB$REQ8$PRES8$EABIv2 0x00000000   Number         0  anon$$obj.o ABSOLUTE
    __ARM_use_no_argv                        0x00000000   Number         0  main.o ABSOLUTE
    __ARM_exceptions_init                     - Undefined Weak Reference
    __alloca_initialize                       - Undefined Weak Reference
    __arm_preinit_                            - Undefined Weak Reference
    __cpp_initialize__aeabi_                  - Undefined Weak Reference
    __cxa_finalize                            - Undefined Weak Reference
    __rt_locale                               - Undefined Weak Reference
    __sigvec_lookup                           - Undefined Weak Reference
    _atexit_init                              - Undefined Weak Reference
    _call_atexit_fns                          - Undefined Weak Reference
    _clock_init                               - Undefined Weak Reference
    _fp_trap_init                             - Undefined Weak Reference
    _fp_trap_shutdown                         - Undefined Weak Reference
    _get_lc_collate                           - Undefined Weak Reference
    _get_lc_ctype                             - Undefined Weak Reference
    _get_lc_monetary                          - Undefined Weak Reference
    _get_lc_numeric                           - Undefined Weak Reference
    _get_lc_time                              - Undefined Weak Reference
    _getenv_init                              - Undefined Weak Reference
    _handle_redirection                       - Undefined Weak Reference
    _init_alloc                               - Undefined Weak Reference
    _init_user_alloc                          - Undefined Weak Reference
    _initio                                   - Undefined Weak Reference
    _rand_init                                - Undefined Weak Reference
    _signal_finish                            - Undefined Weak Reference
    _signal_init                              - Undefined Weak Reference
    _terminate_alloc                          - Undefined Weak Reference
    _terminate_user_alloc                     - Undefined Weak Reference
    _terminateio                              - Undefined Weak Reference
    __Vectors_Size                           0x00000130   Number         0  startup_stm32f103xe.o ABSOLUTE
    __Vectors                                0x08000000   Data           4  startup_stm32f103xe.o(RESET)
    __Vectors_End                            0x08000130   Data           0  startup_stm32f103xe.o(RESET)
    __main                                   0x08000131   Thumb Code     8  __main.o(!!!main)
    __scatterload                            0x08000139   Thumb Code     0  __scatter.o(!!!scatter)
    __scatterload_rt2                        0x08000139   Thumb Code    44  __scatter.o(!!!scatter)
    __scatterload_rt2_thumb_only             0x08000139   Thumb Code     0  __scatter.o(!!!scatter)
    __scatterload_null                       0x08000147   Thumb Code     0  __scatter.o(!!!scatter)
    __scatterload_copy                       0x0800016d   Thumb Code    26  __scatter_copy.o(!!handler_copy)
    __scatterload_zeroinit                   0x08000189   Thumb Code    28  __scatter_zi.o(!!handler_zi)
    __rt_lib_init                            0x080001a5   Thumb Code     0  libinit.o(.ARM.Collect$$libinit$$00000000)
    __rt_lib_init_alloca_1                   0x080001a7   Thumb Code     0  libinit2.o(.ARM.Collect$$libinit$$0000002E)
    __rt_lib_init_argv_1                     0x080001a7   Thumb Code     0  libinit2.o(.ARM.Collect$$libinit$$0000002C)
    __rt_lib_init_atexit_1                   0x080001a7   Thumb Code     0  libinit2.o(.ARM.Collect$$libinit$$0000001B)
    __rt_lib_init_clock_1                    0x080001a7   Thumb Code     0  libinit2.o(.ARM.Collect$$libinit$$00000021)
    __rt_lib_init_cpp_1                      0x080001a7   Thumb Code     0  libinit2.o(.ARM.Collect$$libinit$$00000032)
    __rt_lib_init_exceptions_1               0x080001a7   Thumb Code     0  libinit2.o(.ARM.Collect$$libinit$$00000030)
    __rt_lib_init_fp_1                       0x080001a7   Thumb Code     0  libinit2.o(.ARM.Collect$$libinit$$00000002)
    __rt_lib_init_fp_trap_1                  0x080001a7   Thumb Code     0  libinit2.o(.ARM.Collect$$libinit$$0000001F)
    __rt_lib_init_getenv_1                   0x080001a7   Thumb Code     0  libinit2.o(.ARM.Collect$$libinit$$00000023)
    __rt_lib_init_heap_1                     0x080001a7   Thumb Code     0  libinit2.o(.ARM.Collect$$libinit$$0000000A)
    __rt_lib_init_lc_collate_1               0x080001a7   Thumb Code     0  libinit2.o(.ARM.Collect$$libinit$$00000011)
    __rt_lib_init_lc_ctype_1                 0x080001a7   Thumb Code     0  libinit2.o(.ARM.Collect$$libinit$$00000013)
    __rt_lib_init_lc_monetary_1              0x080001a7   Thumb Code     0  libinit2.o(.ARM.Collect$$libinit$$00000015)
    __rt_lib_init_lc_numeric_1               0x080001a7   Thumb Code     0  libinit2.o(.ARM.Collect$$libinit$$00000017)
    __rt_lib_init_lc_time_1                  0x080001a7   Thumb Code     0  libinit2.o(.ARM.Collect$$libinit$$00000019)
    __rt_lib_init_preinit_1                  0x080001a7   Thumb Code     0  libinit2.o(.ARM.Collect$$libinit$$00000004)
    __rt_lib_init_rand_1                     0x080001a7   Thumb Code     0  libinit2.o(.ARM.Collect$$libinit$$0000000E)
    __rt_lib_init_return                     0x080001a7   Thumb Code     0  libinit2.o(.ARM.Collect$$libinit$$00000033)
    __rt_lib_init_signal_1                   0x080001a7   Thumb Code     0  libinit2.o(.ARM.Collect$$libinit$$0000001D)
    __rt_lib_init_stdio_1                    0x080001a7   Thumb Code     0  libinit2.o(.ARM.Collect$$libinit$$00000025)
    __rt_lib_init_user_alloc_1               0x080001a7   Thumb Code     0  libinit2.o(.ARM.Collect$$libinit$$0000000C)
    __rt_lib_shutdown                        0x080001a9   Thumb Code     0  libshutdown.o(.ARM.Collect$$libshutdown$$00000000)
    __rt_lib_shutdown_cpp_1                  0x080001ab   Thumb Code     0  libshutdown2.o(.ARM.Collect$$libshutdown$$00000002)
    __rt_lib_shutdown_fp_trap_1              0x080001ab   Thumb Code     0  libshutdown2.o(.ARM.Collect$$libshutdown$$00000007)
    __rt_lib_shutdown_heap_1                 0x080001ab   Thumb Code     0  libshutdown2.o(.ARM.Collect$$libshutdown$$0000000F)
    __rt_lib_shutdown_return                 0x080001ab   Thumb Code     0  libshutdown2.o(.ARM.Collect$$libshutdown$$00000010)
    __rt_lib_shutdown_signal_1               0x080001ab   Thumb Code     0  libshutdown2.o(.ARM.Collect$$libshutdown$$0000000A)
    __rt_lib_shutdown_stdio_1                0x080001ab   Thumb Code     0  libshutdown2.o(.ARM.Collect$$libshutdown$$00000004)
    __rt_lib_shutdown_user_alloc_1           0x080001ab   Thumb Code     0  libshutdown2.o(.ARM.Collect$$libshutdown$$0000000C)
    __rt_entry                               0x080001ad   Thumb Code     0  __rtentry.o(.ARM.Collect$$rtentry$$00000000)
    __rt_entry_presh_1                       0x080001ad   Thumb Code     0  __rtentry2.o(.ARM.Collect$$rtentry$$00000002)
    __rt_entry_sh                            0x080001ad   Thumb Code     0  __rtentry4.o(.ARM.Collect$$rtentry$$00000004)
    __rt_entry_li                            0x080001b3   Thumb Code     0  __rtentry2.o(.ARM.Collect$$rtentry$$0000000A)
    __rt_entry_postsh_1                      0x080001b3   Thumb Code     0  __rtentry2.o(.ARM.Collect$$rtentry$$00000009)
    __rt_entry_main                          0x080001b7   Thumb Code     0  __rtentry2.o(.ARM.Collect$$rtentry$$0000000D)
    __rt_entry_postli_1                      0x080001b7   Thumb Code     0  __rtentry2.o(.ARM.Collect$$rtentry$$0000000C)
    __rt_exit                                0x080001bf   Thumb Code     0  rtexit.o(.ARM.Collect$$rtexit$$00000000)
    __rt_exit_ls                             0x080001c1   Thumb Code     0  rtexit2.o(.ARM.Collect$$rtexit$$00000003)
    __rt_exit_prels_1                        0x080001c1   Thumb Code     0  rtexit2.o(.ARM.Collect$$rtexit$$00000002)
    __rt_exit_exit                           0x080001c5   Thumb Code     0  rtexit2.o(.ARM.Collect$$rtexit$$00000004)
    Reset_Handler                            0x080001cd   Thumb Code     8  startup_stm32f103xe.o(.text)
    ADC1_2_IRQHandler                        0x080001e7   Thumb Code     0  startup_stm32f103xe.o(.text)
    ADC3_IRQHandler                          0x080001e7   Thumb Code     0  startup_stm32f103xe.o(.text)
    CAN1_RX1_IRQHandler                      0x080001e7   Thumb Code     0  startup_stm32f103xe.o(.text)
    CAN1_SCE_IRQHandler                      0x080001e7   Thumb Code     0  startup_stm32f103xe.o(.text)
    DMA1_Channel1_IRQHandler                 0x080001e7   Thumb Code     0  startup_stm32f103xe.o(.text)
    DMA1_Channel2_IRQHandler                 0x080001e7   Thumb Code     0  startup_stm32f103xe.o(.text)
    DMA1_Channel3_IRQHandler                 0x080001e7   Thumb Code     0  startup_stm32f103xe.o(.text)
    DMA1_Channel4_IRQHandler                 0x080001e7   Thumb Code     0  startup_stm32f103xe.o(.text)
    DMA1_Channel5_IRQHandler                 0x080001e7   Thumb Code     0  startup_stm32f103xe.o(.text)
    DMA1_Channel6_IRQHandler                 0x080001e7   Thumb Code     0  startup_stm32f103xe.o(.text)
    DMA1_Channel7_IRQHandler                 0x080001e7   Thumb Code     0  startup_stm32f103xe.o(.text)
    DMA2_Channel1_IRQHandler                 0x080001e7   Thumb Code     0  startup_stm32f103xe.o(.text)
    DMA2_Channel2_IRQHandler                 0x080001e7   Thumb Code     0  startup_stm32f103xe.o(.text)
    DMA2_Channel3_IRQHandler                 0x080001e7   Thumb Code     0  startup_stm32f103xe.o(.text)
    DMA2_Channel4_5_IRQHandler               0x080001e7   Thumb Code     0  startup_stm32f103xe.o(.text)
    EXTI0_IRQHandler                         0x080001e7   Thumb Code     0  startup_stm32f103xe.o(.text)
    EXTI15_10_IRQHandler                     0x080001e7   Thumb Code     0  startup_stm32f103xe.o(.text)
    EXTI1_IRQHandler                         0x080001e7   Thumb Code     0  startup_stm32f103xe.o(.text)
    EXTI2_IRQHandler                         0x080001e7   Thumb Code     0  startup_stm32f103xe.o(.text)
    EXTI3_IRQHandler                         0x080001e7   Thumb Code     0  startup_stm32f103xe.o(.text)
    EXTI4_IRQHandler                         0x080001e7   Thumb Code     0  startup_stm32f103xe.o(.text)
    EXTI9_5_IRQHandler                       0x080001e7   Thumb Code     0  startup_stm32f103xe.o(.text)
    FLASH_IRQHandler                         0x080001e7   Thumb Code     0  startup_stm32f103xe.o(.text)
    FSMC_IRQHandler                          0x080001e7   Thumb Code     0  startup_stm32f103xe.o(.text)
    I2C1_ER_IRQHandler                       0x080001e7   Thumb Code     0  startup_stm32f103xe.o(.text)
    I2C1_EV_IRQHandler                       0x080001e7   Thumb Code     0  startup_stm32f103xe.o(.text)
    I2C2_ER_IRQHandler                       0x080001e7   Thumb Code     0  startup_stm32f103xe.o(.text)
    I2C2_EV_IRQHandler                       0x080001e7   Thumb Code     0  startup_stm32f103xe.o(.text)
    PVD_IRQHandler                           0x080001e7   Thumb Code     0  startup_stm32f103xe.o(.text)
    RCC_IRQHandler                           0x080001e7   Thumb Code     0  startup_stm32f103xe.o(.text)
    RTC_Alarm_IRQHandler                     0x080001e7   Thumb Code     0  startup_stm32f103xe.o(.text)
    RTC_IRQHandler                           0x080001e7   Thumb Code     0  startup_stm32f103xe.o(.text)
    SDIO_IRQHandler                          0x080001e7   Thumb Code     0  startup_stm32f103xe.o(.text)
    SPI1_IRQHandler                          0x080001e7   Thumb Code     0  startup_stm32f103xe.o(.text)
    SPI2_IRQHandler                          0x080001e7   Thumb Code     0  startup_stm32f103xe.o(.text)
    SPI3_IRQHandler                          0x080001e7   Thumb Code     0  startup_stm32f103xe.o(.text)
    TAMPER_IRQHandler                        0x080001e7   Thumb Code     0  startup_stm32f103xe.o(.text)
    TIM1_BRK_IRQHandler                      0x080001e7   Thumb Code     0  startup_stm32f103xe.o(.text)
    TIM1_CC_IRQHandler                       0x080001e7   Thumb Code     0  startup_stm32f103xe.o(.text)
    TIM1_TRG_COM_IRQHandler                  0x080001e7   Thumb Code     0  startup_stm32f103xe.o(.text)
    TIM1_UP_IRQHandler                       0x080001e7   Thumb Code     0  startup_stm32f103xe.o(.text)
    TIM2_IRQHandler                          0x080001e7   Thumb Code     0  startup_stm32f103xe.o(.text)
    TIM3_IRQHandler                          0x080001e7   Thumb Code     0  startup_stm32f103xe.o(.text)
    TIM4_IRQHandler                          0x080001e7   Thumb Code     0  startup_stm32f103xe.o(.text)
    TIM5_IRQHandler                          0x080001e7   Thumb Code     0  startup_stm32f103xe.o(.text)
    TIM6_IRQHandler                          0x080001e7   Thumb Code     0  startup_stm32f103xe.o(.text)
    TIM7_IRQHandler                          0x080001e7   Thumb Code     0  startup_stm32f103xe.o(.text)
    TIM8_BRK_IRQHandler                      0x080001e7   Thumb Code     0  startup_stm32f103xe.o(.text)
    TIM8_CC_IRQHandler                       0x080001e7   Thumb Code     0  startup_stm32f103xe.o(.text)
    TIM8_TRG_COM_IRQHandler                  0x080001e7   Thumb Code     0  startup_stm32f103xe.o(.text)
    TIM8_UP_IRQHandler                       0x080001e7   Thumb Code     0  startup_stm32f103xe.o(.text)
    UART4_IRQHandler                         0x080001e7   Thumb Code     0  startup_stm32f103xe.o(.text)
    UART5_IRQHandler                         0x080001e7   Thumb Code     0  startup_stm32f103xe.o(.text)
    USART1_IRQHandler                        0x080001e7   Thumb Code     0  startup_stm32f103xe.o(.text)
    USART2_IRQHandler                        0x080001e7   Thumb Code     0  startup_stm32f103xe.o(.text)
    USART3_IRQHandler                        0x080001e7   Thumb Code     0  startup_stm32f103xe.o(.text)
    USBWakeUp_IRQHandler                     0x080001e7   Thumb Code     0  startup_stm32f103xe.o(.text)
    USB_HP_CAN1_TX_IRQHandler                0x080001e7   Thumb Code     0  startup_stm32f103xe.o(.text)
    USB_LP_CAN1_RX0_IRQHandler               0x080001e7   Thumb Code     0  startup_stm32f103xe.o(.text)
    WWDG_IRQHandler                          0x080001e7   Thumb Code     0  startup_stm32f103xe.o(.text)
    __user_initial_stackheap                 0x080001e9   Thumb Code     0  startup_stm32f103xe.o(.text)
    strlen                                   0x0800020d   Thumb Code    62  strlen.o(.text)
    __aeabi_memclr4                          0x0800024b   Thumb Code     0  rt_memclr_w.o(.text)
    __aeabi_memclr8                          0x0800024b   Thumb Code     0  rt_memclr_w.o(.text)
    __rt_memclr_w                            0x0800024b   Thumb Code    78  rt_memclr_w.o(.text)
    _memset_w                                0x0800024f   Thumb Code     0  rt_memclr_w.o(.text)
    __use_two_region_memory                  0x08000299   Thumb Code     2  heapauxi.o(.text)
    __rt_heap_escrow$2region                 0x0800029b   Thumb Code     2  heapauxi.o(.text)
    __rt_heap_expand$2region                 0x0800029d   Thumb Code     2  heapauxi.o(.text)
    __read_errno                             0x0800029f   Thumb Code    10  _rserrno.o(.text)
    __set_errno                              0x080002a9   Thumb Code    12  _rserrno.o(.text)
    __aeabi_errno_addr                       0x080002b5   Thumb Code     8  rt_errno_addr_intlibspace.o(.text)
    __errno$intlibspace                      0x080002b5   Thumb Code     0  rt_errno_addr_intlibspace.o(.text)
    __rt_errno_addr$intlibspace              0x080002b5   Thumb Code     0  rt_errno_addr_intlibspace.o(.text)
    __user_libspace                          0x080002bd   Thumb Code     8  libspace.o(.text)
    __user_perproc_libspace                  0x080002bd   Thumb Code     0  libspace.o(.text)
    __user_perthread_libspace                0x080002bd   Thumb Code     0  libspace.o(.text)
    __user_setup_stackheap                   0x080002c5   Thumb Code    74  sys_stackheap_outer.o(.text)
    exit                                     0x0800030f   Thumb Code    18  exit.o(.text)
    _sys_exit                                0x08000321   Thumb Code     8  sys_exit.o(.text)
    __I$use$semihosting                      0x0800032d   Thumb Code     0  use_no_semi.o(.text)
    __use_no_semihosting_swi                 0x0800032d   Thumb Code     2  use_no_semi.o(.text)
    AT24CXX_Init                             0x0800032f   Thumb Code     4  24cxx.o(i.AT24CXX_Init)
    __semihosting_library_function           0x0800032f   Thumb Code     0  indicate_semi.o(.text)
    AT24CXX_ReadLenByte                      0x08000333   Thumb Code    42  24cxx.o(i.AT24CXX_ReadLenByte)
    AT24CXX_ReadOneByte                      0x0800035d   Thumb Code    66  24cxx.o(i.AT24CXX_ReadOneByte)
    AT24CXX_WriteLenByte                     0x0800039f   Thumb Code    42  24cxx.o(i.AT24CXX_WriteLenByte)
    AT24CXX_WriteOneByte                     0x080003c9   Thumb Code    62  24cxx.o(i.AT24CXX_WriteOneByte)
    BusFault_Handler                         0x08000407   Thumb Code     2  stm32f1xx_it.o(i.BusFault_Handler)
    DebugMon_Handler                         0x08000409   Thumb Code     2  stm32f1xx_it.o(i.DebugMon_Handler)
    DrawTestPage                             0x0800040d   Thumb Code   108  test.o(i.DrawTestPage)
    GUI_DrawFont16                           0x08000499   Thumb Code   222  gui.o(i.GUI_DrawFont16)
    GUI_DrawFont24                           0x08000585   Thumb Code   226  gui.o(i.GUI_DrawFont24)
    GUI_DrawFont32                           0x08000675   Thumb Code   222  gui.o(i.GUI_DrawFont32)
    GUI_DrawPoint                            0x08000761   Thumb Code    18  gui.o(i.GUI_DrawPoint)
    Gui_StrCenter                            0x08000775   Thumb Code    62  gui.o(i.Gui_StrCenter)
    HAL_GPIO_Init                            0x080007b9   Thumb Code   462  stm32f1xx_hal_gpio.o(i.HAL_GPIO_Init)
    HAL_GPIO_ReadPin                         0x080009b1   Thumb Code    10  stm32f1xx_hal_gpio.o(i.HAL_GPIO_ReadPin)
    HAL_GPIO_WritePin                        0x080009bb   Thumb Code    10  stm32f1xx_hal_gpio.o(i.HAL_GPIO_WritePin)
    HAL_GetTick                              0x080009c5   Thumb Code     6  stm32f1xx_hal.o(i.HAL_GetTick)
    HAL_IncTick                              0x080009d1   Thumb Code    12  stm32f1xx_hal.o(i.HAL_IncTick)
    HAL_Init                                 0x080009e1   Thumb Code    32  stm32f1xx_hal.o(i.HAL_Init)
    HAL_InitTick                             0x08000a05   Thumb Code    54  stm32f1xx_hal.o(i.HAL_InitTick)
    HAL_MspInit                              0x08000a45   Thumb Code    52  stm32f1xx_hal_msp.o(i.HAL_MspInit)
    HAL_NVIC_SetPriority                     0x08000a81   Thumb Code    60  stm32f1xx_hal_cortex.o(i.HAL_NVIC_SetPriority)
    HAL_NVIC_SetPriorityGrouping             0x08000ac1   Thumb Code    26  stm32f1xx_hal_cortex.o(i.HAL_NVIC_SetPriorityGrouping)
    HAL_RCC_ClockConfig                      0x08000ae5   Thumb Code   280  stm32f1xx_hal_rcc.o(i.HAL_RCC_ClockConfig)
    HAL_RCC_GetHCLKFreq                      0x08000c11   Thumb Code     6  stm32f1xx_hal_rcc.o(i.HAL_RCC_GetHCLKFreq)
    HAL_RCC_GetSysClockFreq                  0x08000c1d   Thumb Code    58  stm32f1xx_hal_rcc.o(i.HAL_RCC_GetSysClockFreq)
    HAL_RCC_OscConfig                        0x08000c69   Thumb Code   778  stm32f1xx_hal_rcc.o(i.HAL_RCC_OscConfig)
    HAL_SYSTICK_Config                       0x08000f89   Thumb Code    40  stm32f1xx_hal_cortex.o(i.HAL_SYSTICK_Config)
    HardFault_Handler                        0x08000fb1   Thumb Code     2  stm32f1xx_it.o(i.HardFault_Handler)
    IIC_Ack                                  0x08000fb5   Thumb Code    56  myiic.o(i.IIC_Ack)
    IIC_Init                                 0x08000ff5   Thumb Code    62  myiic.o(i.IIC_Init)
    IIC_NAck                                 0x08001041   Thumb Code    56  myiic.o(i.IIC_NAck)
    IIC_Read_Byte                            0x08001081   Thumb Code   100  myiic.o(i.IIC_Read_Byte)
    IIC_Send_Byte                            0x080010ed   Thumb Code    86  myiic.o(i.IIC_Send_Byte)
    IIC_Start                                0x0800114d   Thumb Code    56  myiic.o(i.IIC_Start)
    IIC_Stop                                 0x0800118d   Thumb Code    58  myiic.o(i.IIC_Stop)
    IIC_Wait_Ack                             0x080011d1   Thumb Code    78  myiic.o(i.IIC_Wait_Ack)
    KEY_Init                                 0x08001229   Thumb Code    94  key.o(i.KEY_Init)
    KEY_Scan                                 0x08001295   Thumb Code    96  key.o(i.KEY_Scan)
    LCD_Clear                                0x080012fd   Thumb Code    84  lcd.o(i.LCD_Clear)
    LCD_DrawLine                             0x08001359   Thumb Code   154  gui.o(i.LCD_DrawLine)
    LCD_DrawPoint                            0x080013f5   Thumb Code    18  lcd.o(i.LCD_DrawPoint)
    LCD_Fill                                 0x0800140d   Thumb Code    80  gui.o(i.LCD_Fill)
    LCD_GPIOInit                             0x08001461   Thumb Code    68  lcd.o(i.LCD_GPIOInit)
    LCD_Init                                 0x080014ad   Thumb Code   444  lcd.o(i.LCD_Init)
    LCD_RESET                                0x0800166d   Thumb Code    32  lcd.o(i.LCD_RESET)
    LCD_SetCursor                            0x08001691   Thumb Code     8  lcd.o(i.LCD_SetCursor)
    LCD_SetWindows                           0x08001699   Thumb Code    88  lcd.o(i.LCD_SetWindows)
    LCD_ShowChar                             0x080016f5   Thumb Code   246  gui.o(i.LCD_ShowChar)
    LCD_ShowNum                              0x080017fd   Thumb Code   124  gui.o(i.LCD_ShowNum)
    LCD_ShowString                           0x08001881   Thumb Code    82  gui.o(i.LCD_ShowString)
    LCD_WR_DATA                              0x080018e1   Thumb Code    26  lcd.o(i.LCD_WR_DATA)
    LCD_WR_REG                               0x08001901   Thumb Code    26  lcd.o(i.LCD_WR_REG)
    LCD_WriteRAM_Prepare                     0x08001921   Thumb Code     8  lcd.o(i.LCD_WriteRAM_Prepare)
    LCD_WriteReg                             0x0800192d   Thumb Code    18  lcd.o(i.LCD_WriteReg)
    LCD_direction                            0x08001941   Thumb Code    74  lcd.o(i.LCD_direction)
    LED_Init                                 0x08001991   Thumb Code   102  led.o(i.LED_Init)
    Lcd_WriteData_16Bit                      0x08001a05   Thumb Code    36  lcd.o(i.Lcd_WriteData_16Bit)
    MX_GPIO_Init                             0x08001a29   Thumb Code   284  gpio.o(i.MX_GPIO_Init)
    MemManage_Handler                        0x08001b55   Thumb Code     2  stm32f1xx_it.o(i.MemManage_Handler)
    NMI_Handler                              0x08001b57   Thumb Code     2  stm32f1xx_it.o(i.NMI_Handler)
    PendSV_Handler                           0x08001b59   Thumb Code     2  stm32f1xx_it.o(i.PendSV_Handler)
    SPIv_WriteData                           0x08001b5d   Thumb Code    40  spi.o(i.SPIv_WriteData)
    SVC_Handler                              0x08001b89   Thumb Code     2  stm32f1xx_it.o(i.SVC_Handler)
    Show_Str                                 0x08001b8d   Thumb Code   200  gui.o(i.Show_Str)
    SysTick_Handler                          0x08001c59   Thumb Code     4  stm32f1xx_it.o(i.SysTick_Handler)
    SystemClock_Config                       0x08001c5d   Thumb Code    94  main.o(i.SystemClock_Config)
    SystemInit                               0x08001cbb   Thumb Code     2  system_stm32f1xx.o(i.SystemInit)
    TP_Adj_Info_Show                         0x08001cbd   Thumb Code   296  touch.o(i.TP_Adj_Info_Show)
    TP_Adjust                                0x08001e15   Thumb Code  1314  touch.o(i.TP_Adjust)
    TP_Draw_Big_Point                        0x08002369   Thumb Code    48  touch.o(i.TP_Draw_Big_Point)
    TP_Drow_Touch_Point                      0x0800239d   Thumb Code   118  touch.o(i.TP_Drow_Touch_Point)
    TP_Get_Adjdata                           0x08002419   Thumb Code   112  touch.o(i.TP_Get_Adjdata)
    TP_Init                                  0x08002491   Thumb Code   130  touch.o(i.TP_Init)
    TP_Read_AD                               0x08002521   Thumb Code   100  touch.o(i.TP_Read_AD)
    TP_Read_XOY                              0x08002589   Thumb Code   100  touch.o(i.TP_Read_XOY)
    TP_Read_XY                               0x080025ed   Thumb Code    34  touch.o(i.TP_Read_XY)
    TP_Read_XY2                              0x08002615   Thumb Code   122  touch.o(i.TP_Read_XY2)
    TP_Save_Adjdata                          0x08002691   Thumb Code    96  touch.o(i.TP_Save_Adjdata)
    TP_Scan                                  0x080026f9   Thumb Code   160  touch.o(i.TP_Scan)
    TP_Write_Byte                            0x080027a1   Thumb Code    46  touch.o(i.TP_Write_Byte)
    Touch_Test                               0x080027d5   Thumb Code   398  test.o(i.Touch_Test)
    UsageFault_Handler                       0x0800299d   Thumb Code     2  stm32f1xx_it.o(i.UsageFault_Handler)
    _draw_circle_8                           0x080029bf   Thumb Code   152  gui.o(i._draw_circle_8)
    delay_init                               0x08002a59   Thumb Code    46  delay.o(i.delay_init)
    delay_ms                                 0x08002a8d   Thumb Code    36  delay.o(i.delay_ms)
    delay_us                                 0x08002ab5   Thumb Code    36  delay.o(i.delay_us)
    gui_circle                               0x08002add   Thumb Code   132  gui.o(i.gui_circle)
    main                                     0x08002b61   Thumb Code    30  main.o(i.main)
    mypow                                    0x08002b7f   Thumb Code    16  gui.o(i.mypow)
    sqrt                                     0x08002b8f   Thumb Code    76  sqrt.o(i.sqrt)
    __aeabi_d2uiz                            0x08002bdd   Thumb Code     0  dfixu.o(x$fpl$dfixu)
    _dfixu                                   0x08002bdd   Thumb Code    90  dfixu.o(x$fpl$dfixu)
    __aeabi_ui2d                             0x08002c37   Thumb Code     0  dflt_clz.o(x$fpl$dfltu)
    _dfltu                                   0x08002c37   Thumb Code    38  dflt_clz.o(x$fpl$dfltu)
    __fpl_dnaninf                            0x08002c5d   Thumb Code   156  dnaninf.o(x$fpl$dnaninf)
    _dsqrt                                   0x08002cf9   Thumb Code   456  dsqrt_noumaal.o(x$fpl$dsqrt)
    __aeabi_fadd                             0x08002ec5   Thumb Code     0  faddsub_clz.o(x$fpl$fadd)
    _fadd                                    0x08002ec5   Thumb Code   196  faddsub_clz.o(x$fpl$fadd)
    __fpl_fcheck_NaN1                        0x08002f89   Thumb Code     6  fcheck1.o(x$fpl$fcheck1)
    __aeabi_fdiv                             0x08002f95   Thumb Code     0  fdiv.o(x$fpl$fdiv)
    _fdiv                                    0x08002f95   Thumb Code   384  fdiv.o(x$fpl$fdiv)
    __aeabi_f2iz                             0x08003119   Thumb Code     0  ffix.o(x$fpl$ffix)
    _ffix                                    0x08003119   Thumb Code    54  ffix.o(x$fpl$ffix)
    __aeabi_f2uiz                            0x08003151   Thumb Code     0  ffixu.o(x$fpl$ffixu)
    _ffixu                                   0x08003151   Thumb Code    62  ffixu.o(x$fpl$ffixu)
    __aeabi_i2f                              0x08003191   Thumb Code     0  fflt_clz.o(x$fpl$fflt)
    _fflt                                    0x08003191   Thumb Code    48  fflt_clz.o(x$fpl$fflt)
    __aeabi_ui2f                             0x080031c1   Thumb Code     0  fflt_clz.o(x$fpl$ffltu)
    _ffltu                                   0x080031c1   Thumb Code    38  fflt_clz.o(x$fpl$ffltu)
    __aeabi_fmul                             0x080031e9   Thumb Code     0  fmul.o(x$fpl$fmul)
    _fmul                                    0x080031e9   Thumb Code   258  fmul.o(x$fpl$fmul)
    __fpl_fnaninf                            0x080032eb   Thumb Code   140  fnaninf.o(x$fpl$fnaninf)
    __fpl_fretinf                            0x08003377   Thumb Code    10  fretinf.o(x$fpl$fretinf)
    __aeabi_fsub                             0x08003381   Thumb Code     0  faddsub_clz.o(x$fpl$fsub)
    _fsub                                    0x08003381   Thumb Code   234  faddsub_clz.o(x$fpl$fsub)
    __fpl_return_NaN                         0x0800346b   Thumb Code   100  retnan.o(x$fpl$retnan)
    __ARM_scalbnf                            0x080034cf   Thumb Code    76  scalbnf.o(x$fpl$scalbnf)
    __fpl_cmpreturn                          0x0800351b   Thumb Code    48  trapv.o(x$fpl$trapveneer)
    __I$use$fp                               0x0800354a   Number         0  usenofp.o(x$fpl$usenofp)
    AHBPrescTable                            0x0800355c   Data          16  system_stm32f1xx.o(.constdata)
    asc2_1206                                0x0800356c   Data        1140  gui.o(.constdata)
    asc2_1608                                0x080039e0   Data        1520  gui.o(.constdata)
    tfont16                                  0x08003fd0   Data        2108  gui.o(.constdata)
    tfont24                                  0x0800480c   Data         518  gui.o(.constdata)
    tfont32                                  0x08004a12   Data         520  gui.o(.constdata)
    Region$$Table$$Base                      0x08004c1c   Number         0  anon$$obj.o(Region$$Table)
    Region$$Table$$Limit                     0x08004c3c   Number         0  anon$$obj.o(Region$$Table)
    uwTickFreq                               0x20000000   Data           1  stm32f1xx_hal.o(.data)
    uwTickPrio                               0x20000004   Data           4  stm32f1xx_hal.o(.data)
    uwTick                                   0x20000008   Data           4  stm32f1xx_hal.o(.data)
    SystemCoreClock                          0x2000000c   Data           4  system_stm32f1xx.o(.data)
    POINT_COLOR                              0x20000010   Data           2  lcd.o(.data)
    BACK_COLOR                               0x20000012   Data           2  lcd.o(.data)
    CMD_RDX                                  0x20000014   Data           1  touch.o(.data)
    CMD_RDY                                  0x20000015   Data           1  touch.o(.data)
    tp_dev                                   0x20000018   Data          40  touch.o(.data)
    ColorTab                                 0x20000040   Data          10  test.o(.data)
    lcddev                                   0x20000050   Data          14  lcd.o(.bss)
    __libspace_start                         0x20000060   Data          96  libspace.o(.bss)
    __temporary_stack_top$libspace           0x200000c0   Data           0  libspace.o(.bss)



==============================================================================

Memory Map of the image

  Image Entry point : 0x08000131

  Load Region LR_IROM1 (Base: 0x08000000, Size: 0x00004c8c, Max: 0x00040000, ABSOLUTE)

    Execution Region ER_IROM1 (Exec base: 0x08000000, Load base: 0x08000000, Size: 0x00004c3c, Max: 0x00040000, ABSOLUTE)

    Exec Addr    Load Addr    Size         Type   Attr      Idx    E Section Name        Object

    0x08000000   0x08000000   0x00000130   Data   RO            3    RESET               startup_stm32f103xe.o
    0x08000130   0x08000130   0x00000008   Code   RO         2107  * !!!main             c_w.l(__main.o)
    0x08000138   0x08000138   0x00000034   Code   RO         2336    !!!scatter          c_w.l(__scatter.o)
    0x0800016c   0x0800016c   0x0000001a   Code   RO         2338    !!handler_copy      c_w.l(__scatter_copy.o)
    0x08000186   0x08000186   0x00000002   PAD
    0x08000188   0x08000188   0x0000001c   Code   RO         2340    !!handler_zi        c_w.l(__scatter_zi.o)
    0x080001a4   0x080001a4   0x00000002   Code   RO         2207    .ARM.Collect$$libinit$$00000000  c_w.l(libinit.o)
    0x080001a6   0x080001a6   0x00000000   Code   RO         2213    .ARM.Collect$$libinit$$00000002  c_w.l(libinit2.o)
    0x080001a6   0x080001a6   0x00000000   Code   RO         2215    .ARM.Collect$$libinit$$00000004  c_w.l(libinit2.o)
    0x080001a6   0x080001a6   0x00000000   Code   RO         2218    .ARM.Collect$$libinit$$0000000A  c_w.l(libinit2.o)
    0x080001a6   0x080001a6   0x00000000   Code   RO         2220    .ARM.Collect$$libinit$$0000000C  c_w.l(libinit2.o)
    0x080001a6   0x080001a6   0x00000000   Code   RO         2222    .ARM.Collect$$libinit$$0000000E  c_w.l(libinit2.o)
    0x080001a6   0x080001a6   0x00000000   Code   RO         2225    .ARM.Collect$$libinit$$00000011  c_w.l(libinit2.o)
    0x080001a6   0x080001a6   0x00000000   Code   RO         2227    .ARM.Collect$$libinit$$00000013  c_w.l(libinit2.o)
    0x080001a6   0x080001a6   0x00000000   Code   RO         2229    .ARM.Collect$$libinit$$00000015  c_w.l(libinit2.o)
    0x080001a6   0x080001a6   0x00000000   Code   RO         2231    .ARM.Collect$$libinit$$00000017  c_w.l(libinit2.o)
    0x080001a6   0x080001a6   0x00000000   Code   RO         2233    .ARM.Collect$$libinit$$00000019  c_w.l(libinit2.o)
    0x080001a6   0x080001a6   0x00000000   Code   RO         2235    .ARM.Collect$$libinit$$0000001B  c_w.l(libinit2.o)
    0x080001a6   0x080001a6   0x00000000   Code   RO         2237    .ARM.Collect$$libinit$$0000001D  c_w.l(libinit2.o)
    0x080001a6   0x080001a6   0x00000000   Code   RO         2239    .ARM.Collect$$libinit$$0000001F  c_w.l(libinit2.o)
    0x080001a6   0x080001a6   0x00000000   Code   RO         2241    .ARM.Collect$$libinit$$00000021  c_w.l(libinit2.o)
    0x080001a6   0x080001a6   0x00000000   Code   RO         2243    .ARM.Collect$$libinit$$00000023  c_w.l(libinit2.o)
    0x080001a6   0x080001a6   0x00000000   Code   RO         2245    .ARM.Collect$$libinit$$00000025  c_w.l(libinit2.o)
    0x080001a6   0x080001a6   0x00000000   Code   RO         2249    .ARM.Collect$$libinit$$0000002C  c_w.l(libinit2.o)
    0x080001a6   0x080001a6   0x00000000   Code   RO         2251    .ARM.Collect$$libinit$$0000002E  c_w.l(libinit2.o)
    0x080001a6   0x080001a6   0x00000000   Code   RO         2253    .ARM.Collect$$libinit$$00000030  c_w.l(libinit2.o)
    0x080001a6   0x080001a6   0x00000000   Code   RO         2255    .ARM.Collect$$libinit$$00000032  c_w.l(libinit2.o)
    0x080001a6   0x080001a6   0x00000002   Code   RO         2256    .ARM.Collect$$libinit$$00000033  c_w.l(libinit2.o)
    0x080001a8   0x080001a8   0x00000002   Code   RO         2276    .ARM.Collect$$libshutdown$$00000000  c_w.l(libshutdown.o)
    0x080001aa   0x080001aa   0x00000000   Code   RO         2289    .ARM.Collect$$libshutdown$$00000002  c_w.l(libshutdown2.o)
    0x080001aa   0x080001aa   0x00000000   Code   RO         2291    .ARM.Collect$$libshutdown$$00000004  c_w.l(libshutdown2.o)
    0x080001aa   0x080001aa   0x00000000   Code   RO         2294    .ARM.Collect$$libshutdown$$00000007  c_w.l(libshutdown2.o)
    0x080001aa   0x080001aa   0x00000000   Code   RO         2297    .ARM.Collect$$libshutdown$$0000000A  c_w.l(libshutdown2.o)
    0x080001aa   0x080001aa   0x00000000   Code   RO         2299    .ARM.Collect$$libshutdown$$0000000C  c_w.l(libshutdown2.o)
    0x080001aa   0x080001aa   0x00000000   Code   RO         2302    .ARM.Collect$$libshutdown$$0000000F  c_w.l(libshutdown2.o)
    0x080001aa   0x080001aa   0x00000002   Code   RO         2303    .ARM.Collect$$libshutdown$$00000010  c_w.l(libshutdown2.o)
    0x080001ac   0x080001ac   0x00000000   Code   RO         2155    .ARM.Collect$$rtentry$$00000000  c_w.l(__rtentry.o)
    0x080001ac   0x080001ac   0x00000000   Code   RO         2172    .ARM.Collect$$rtentry$$00000002  c_w.l(__rtentry2.o)
    0x080001ac   0x080001ac   0x00000006   Code   RO         2184    .ARM.Collect$$rtentry$$00000004  c_w.l(__rtentry4.o)
    0x080001b2   0x080001b2   0x00000000   Code   RO         2174    .ARM.Collect$$rtentry$$00000009  c_w.l(__rtentry2.o)
    0x080001b2   0x080001b2   0x00000004   Code   RO         2175    .ARM.Collect$$rtentry$$0000000A  c_w.l(__rtentry2.o)
    0x080001b6   0x080001b6   0x00000000   Code   RO         2177    .ARM.Collect$$rtentry$$0000000C  c_w.l(__rtentry2.o)
    0x080001b6   0x080001b6   0x00000008   Code   RO         2178    .ARM.Collect$$rtentry$$0000000D  c_w.l(__rtentry2.o)
    0x080001be   0x080001be   0x00000002   Code   RO         2210    .ARM.Collect$$rtexit$$00000000  c_w.l(rtexit.o)
    0x080001c0   0x080001c0   0x00000000   Code   RO         2258    .ARM.Collect$$rtexit$$00000002  c_w.l(rtexit2.o)
    0x080001c0   0x080001c0   0x00000004   Code   RO         2259    .ARM.Collect$$rtexit$$00000003  c_w.l(rtexit2.o)
    0x080001c4   0x080001c4   0x00000006   Code   RO         2260    .ARM.Collect$$rtexit$$00000004  c_w.l(rtexit2.o)
    0x080001ca   0x080001ca   0x00000002   PAD
    0x080001cc   0x080001cc   0x00000040   Code   RO            4    .text               startup_stm32f103xe.o
    0x0800020c   0x0800020c   0x0000003e   Code   RO         2101    .text               c_w.l(strlen.o)
    0x0800024a   0x0800024a   0x0000004e   Code   RO         2103    .text               c_w.l(rt_memclr_w.o)
    0x08000298   0x08000298   0x00000006   Code   RO         2105    .text               c_w.l(heapauxi.o)
    0x0800029e   0x0800029e   0x00000016   Code   RO         2156    .text               c_w.l(_rserrno.o)
    0x080002b4   0x080002b4   0x00000008   Code   RO         2189    .text               c_w.l(rt_errno_addr_intlibspace.o)
    0x080002bc   0x080002bc   0x00000008   Code   RO         2195    .text               c_w.l(libspace.o)
    0x080002c4   0x080002c4   0x0000004a   Code   RO         2198    .text               c_w.l(sys_stackheap_outer.o)
    0x0800030e   0x0800030e   0x00000012   Code   RO         2200    .text               c_w.l(exit.o)
    0x08000320   0x08000320   0x0000000c   Code   RO         2268    .text               c_w.l(sys_exit.o)
    0x0800032c   0x0800032c   0x00000002   Code   RO         2279    .text               c_w.l(use_no_semi.o)
    0x0800032e   0x0800032e   0x00000000   Code   RO         2281    .text               c_w.l(indicate_semi.o)
    0x0800032e   0x0800032e   0x00000004   Code   RO         1460    i.AT24CXX_Init      24cxx.o
    0x08000332   0x08000332   0x0000002a   Code   RO         1462    i.AT24CXX_ReadLenByte  24cxx.o
    0x0800035c   0x0800035c   0x00000042   Code   RO         1463    i.AT24CXX_ReadOneByte  24cxx.o
    0x0800039e   0x0800039e   0x0000002a   Code   RO         1465    i.AT24CXX_WriteLenByte  24cxx.o
    0x080003c8   0x080003c8   0x0000003e   Code   RO         1466    i.AT24CXX_WriteOneByte  24cxx.o
    0x08000406   0x08000406   0x00000002   Code   RO          171    i.BusFault_Handler  stm32f1xx_it.o
    0x08000408   0x08000408   0x00000002   Code   RO          172    i.DebugMon_Handler  stm32f1xx_it.o
    0x0800040a   0x0800040a   0x00000002   PAD
    0x0800040c   0x0800040c   0x0000008c   Code   RO         1955    i.DrawTestPage      test.o
    0x08000498   0x08000498   0x000000ec   Code   RO         1810    i.GUI_DrawFont16    gui.o
    0x08000584   0x08000584   0x000000f0   Code   RO         1811    i.GUI_DrawFont24    gui.o
    0x08000674   0x08000674   0x000000ec   Code   RO         1812    i.GUI_DrawFont32    gui.o
    0x08000760   0x08000760   0x00000012   Code   RO         1813    i.GUI_DrawPoint     gui.o
    0x08000772   0x08000772   0x00000002   PAD
    0x08000774   0x08000774   0x00000044   Code   RO         1815    i.Gui_StrCenter     gui.o
    0x080007b8   0x080007b8   0x000001f8   Code   RO          659    i.HAL_GPIO_Init     stm32f1xx_hal_gpio.o
    0x080009b0   0x080009b0   0x0000000a   Code   RO          661    i.HAL_GPIO_ReadPin  stm32f1xx_hal_gpio.o
    0x080009ba   0x080009ba   0x0000000a   Code   RO          663    i.HAL_GPIO_WritePin  stm32f1xx_hal_gpio.o
    0x080009c4   0x080009c4   0x0000000c   Code   RO          353    i.HAL_GetTick       stm32f1xx_hal.o
    0x080009d0   0x080009d0   0x00000010   Code   RO          359    i.HAL_IncTick       stm32f1xx_hal.o
    0x080009e0   0x080009e0   0x00000024   Code   RO          360    i.HAL_Init          stm32f1xx_hal.o
    0x08000a04   0x08000a04   0x00000040   Code   RO          361    i.HAL_InitTick      stm32f1xx_hal.o
    0x08000a44   0x08000a44   0x0000003c   Code   RO          246    i.HAL_MspInit       stm32f1xx_hal_msp.o
    0x08000a80   0x08000a80   0x00000040   Code   RO          825    i.HAL_NVIC_SetPriority  stm32f1xx_hal_cortex.o
    0x08000ac0   0x08000ac0   0x00000024   Code   RO          826    i.HAL_NVIC_SetPriorityGrouping  stm32f1xx_hal_cortex.o
    0x08000ae4   0x08000ae4   0x0000012c   Code   RO          517    i.HAL_RCC_ClockConfig  stm32f1xx_hal_rcc.o
    0x08000c10   0x08000c10   0x0000000c   Code   RO          522    i.HAL_RCC_GetHCLKFreq  stm32f1xx_hal_rcc.o
    0x08000c1c   0x08000c1c   0x0000004c   Code   RO          526    i.HAL_RCC_GetSysClockFreq  stm32f1xx_hal_rcc.o
    0x08000c68   0x08000c68   0x00000320   Code   RO          529    i.HAL_RCC_OscConfig  stm32f1xx_hal_rcc.o
    0x08000f88   0x08000f88   0x00000028   Code   RO          830    i.HAL_SYSTICK_Config  stm32f1xx_hal_cortex.o
    0x08000fb0   0x08000fb0   0x00000002   Code   RO          173    i.HardFault_Handler  stm32f1xx_it.o
    0x08000fb2   0x08000fb2   0x00000002   PAD
    0x08000fb4   0x08000fb4   0x00000040   Code   RO         1531    i.IIC_Ack           myiic.o
    0x08000ff4   0x08000ff4   0x0000004c   Code   RO         1532    i.IIC_Init          myiic.o
    0x08001040   0x08001040   0x00000040   Code   RO         1533    i.IIC_NAck          myiic.o
    0x08001080   0x08001080   0x0000006c   Code   RO         1534    i.IIC_Read_Byte     myiic.o
    0x080010ec   0x080010ec   0x00000060   Code   RO         1535    i.IIC_Send_Byte     myiic.o
    0x0800114c   0x0800114c   0x00000040   Code   RO         1536    i.IIC_Start         myiic.o
    0x0800118c   0x0800118c   0x00000044   Code   RO         1537    i.IIC_Stop          myiic.o
    0x080011d0   0x080011d0   0x00000058   Code   RO         1538    i.IIC_Wait_Ack      myiic.o
    0x08001228   0x08001228   0x0000006c   Code   RO         1600    i.KEY_Init          key.o
    0x08001294   0x08001294   0x00000068   Code   RO         1601    i.KEY_Scan          key.o
    0x080012fc   0x080012fc   0x0000005c   Code   RO         1357    i.LCD_Clear         lcd.o
    0x08001358   0x08001358   0x0000009a   Code   RO         1817    i.LCD_DrawLine      gui.o
    0x080013f2   0x080013f2   0x00000002   PAD
    0x080013f4   0x080013f4   0x00000018   Code   RO         1358    i.LCD_DrawPoint     lcd.o
    0x0800140c   0x0800140c   0x00000054   Code   RO         1819    i.LCD_Fill          gui.o
    0x08001460   0x08001460   0x0000004c   Code   RO         1359    i.LCD_GPIOInit      lcd.o
    0x080014ac   0x080014ac   0x000001c0   Code   RO         1360    i.LCD_Init          lcd.o
    0x0800166c   0x0800166c   0x00000024   Code   RO         1361    i.LCD_RESET         lcd.o
    0x08001690   0x08001690   0x00000008   Code   RO         1362    i.LCD_SetCursor     lcd.o
    0x08001698   0x08001698   0x0000005c   Code   RO         1363    i.LCD_SetWindows    lcd.o
    0x080016f4   0x080016f4   0x00000108   Code   RO         1820    i.LCD_ShowChar      gui.o
    0x080017fc   0x080017fc   0x00000084   Code   RO         1821    i.LCD_ShowNum       gui.o
    0x08001880   0x08001880   0x00000060   Code   RO         1822    i.LCD_ShowString    gui.o
    0x080018e0   0x080018e0   0x00000020   Code   RO         1364    i.LCD_WR_DATA       lcd.o
    0x08001900   0x08001900   0x00000020   Code   RO         1365    i.LCD_WR_REG        lcd.o
    0x08001920   0x08001920   0x0000000c   Code   RO         1366    i.LCD_WriteRAM_Prepare  lcd.o
    0x0800192c   0x0800192c   0x00000012   Code   RO         1367    i.LCD_WriteReg      lcd.o
    0x0800193e   0x0800193e   0x00000002   PAD
    0x08001940   0x08001940   0x00000050   Code   RO         1368    i.LCD_direction     lcd.o
    0x08001990   0x08001990   0x00000074   Code   RO         1633    i.LED_Init          led.o
    0x08001a04   0x08001a04   0x00000024   Code   RO         1369    i.Lcd_WriteData_16Bit  lcd.o
    0x08001a28   0x08001a28   0x0000012c   Code   RO          147    i.MX_GPIO_Init      gpio.o
    0x08001b54   0x08001b54   0x00000002   Code   RO          174    i.MemManage_Handler  stm32f1xx_it.o
    0x08001b56   0x08001b56   0x00000002   Code   RO          175    i.NMI_Handler       stm32f1xx_it.o
    0x08001b58   0x08001b58   0x00000002   Code   RO          176    i.PendSV_Handler    stm32f1xx_it.o
    0x08001b5a   0x08001b5a   0x00000002   PAD
    0x08001b5c   0x08001b5c   0x0000002c   Code   RO         1660    i.SPIv_WriteData    spi.o
    0x08001b88   0x08001b88   0x00000002   Code   RO          177    i.SVC_Handler       stm32f1xx_it.o
    0x08001b8a   0x08001b8a   0x00000002   PAD
    0x08001b8c   0x08001b8c   0x000000cc   Code   RO         1823    i.Show_Str          gui.o
    0x08001c58   0x08001c58   0x00000004   Code   RO          178    i.SysTick_Handler   stm32f1xx_it.o
    0x08001c5c   0x08001c5c   0x0000005e   Code   RO           14    i.SystemClock_Config  main.o
    0x08001cba   0x08001cba   0x00000002   Code   RO         1320    i.SystemInit        system_stm32f1xx.o
    0x08001cbc   0x08001cbc   0x00000158   Code   RO         1687    i.TP_Adj_Info_Show  touch.o
    0x08001e14   0x08001e14   0x00000554   Code   RO         1688    i.TP_Adjust         touch.o
    0x08002368   0x08002368   0x00000034   Code   RO         1689    i.TP_Draw_Big_Point  touch.o
    0x0800239c   0x0800239c   0x0000007c   Code   RO         1690    i.TP_Drow_Touch_Point  touch.o
    0x08002418   0x08002418   0x00000078   Code   RO         1691    i.TP_Get_Adjdata    touch.o
    0x08002490   0x08002490   0x00000090   Code   RO         1692    i.TP_Init           touch.o
    0x08002520   0x08002520   0x00000068   Code   RO         1693    i.TP_Read_AD        touch.o
    0x08002588   0x08002588   0x00000064   Code   RO         1694    i.TP_Read_XOY       touch.o
    0x080025ec   0x080025ec   0x00000028   Code   RO         1695    i.TP_Read_XY        touch.o
    0x08002614   0x08002614   0x0000007a   Code   RO         1696    i.TP_Read_XY2       touch.o
    0x0800268e   0x0800268e   0x00000002   PAD
    0x08002690   0x08002690   0x00000068   Code   RO         1697    i.TP_Save_Adjdata   touch.o
    0x080026f8   0x080026f8   0x000000a8   Code   RO         1698    i.TP_Scan           touch.o
    0x080027a0   0x080027a0   0x00000034   Code   RO         1699    i.TP_Write_Byte     touch.o
    0x080027d4   0x080027d4   0x000001c8   Code   RO         1963    i.Touch_Test        test.o
    0x0800299c   0x0800299c   0x00000002   Code   RO          179    i.UsageFault_Handler  stm32f1xx_it.o
    0x0800299e   0x0800299e   0x00000020   Code   RO          832    i.__NVIC_SetPriority  stm32f1xx_hal_cortex.o
    0x080029be   0x080029be   0x00000098   Code   RO         1824    i._draw_circle_8    gui.o
    0x08002a56   0x08002a56   0x00000002   PAD
    0x08002a58   0x08002a58   0x00000034   Code   RO         2059    i.delay_init        delay.o
    0x08002a8c   0x08002a8c   0x00000028   Code   RO         2060    i.delay_ms          delay.o
    0x08002ab4   0x08002ab4   0x00000028   Code   RO         2061    i.delay_us          delay.o
    0x08002adc   0x08002adc   0x00000084   Code   RO         1825    i.gui_circle        gui.o
    0x08002b60   0x08002b60   0x0000001e   Code   RO           15    i.main              main.o
    0x08002b7e   0x08002b7e   0x00000010   Code   RO         1826    i.mypow             gui.o
    0x08002b8e   0x08002b8e   0x0000004c   Code   RO         2148    i.sqrt              m_ws.l(sqrt.o)
    0x08002bda   0x08002bda   0x00000002   PAD
    0x08002bdc   0x08002bdc   0x0000005a   Code   RO         2109    x$fpl$dfixu         fz_ws.l(dfixu.o)
    0x08002c36   0x08002c36   0x00000026   Code   RO         2113    x$fpl$dfltu         fz_ws.l(dflt_clz.o)
    0x08002c5c   0x08002c5c   0x0000009c   Code   RO         2160    x$fpl$dnaninf       fz_ws.l(dnaninf.o)
    0x08002cf8   0x08002cf8   0x000001cc   Code   RO         2162    x$fpl$dsqrt         fz_ws.l(dsqrt_noumaal.o)
    0x08002ec4   0x08002ec4   0x000000c4   Code   RO         2119    x$fpl$fadd          fz_ws.l(faddsub_clz.o)
    0x08002f88   0x08002f88   0x0000000c   Code   RO         2164    x$fpl$fcheck1       fz_ws.l(fcheck1.o)
    0x08002f94   0x08002f94   0x00000184   Code   RO         2126    x$fpl$fdiv          fz_ws.l(fdiv.o)
    0x08003118   0x08003118   0x00000036   Code   RO         2129    x$fpl$ffix          fz_ws.l(ffix.o)
    0x0800314e   0x0800314e   0x00000002   PAD
    0x08003150   0x08003150   0x0000003e   Code   RO         2133    x$fpl$ffixu         fz_ws.l(ffixu.o)
    0x0800318e   0x0800318e   0x00000002   PAD
    0x08003190   0x08003190   0x00000030   Code   RO         2138    x$fpl$fflt          fz_ws.l(fflt_clz.o)
    0x080031c0   0x080031c0   0x00000026   Code   RO         2137    x$fpl$ffltu         fz_ws.l(fflt_clz.o)
    0x080031e6   0x080031e6   0x00000002   PAD
    0x080031e8   0x080031e8   0x00000102   Code   RO         2143    x$fpl$fmul          fz_ws.l(fmul.o)
    0x080032ea   0x080032ea   0x0000008c   Code   RO         2166    x$fpl$fnaninf       fz_ws.l(fnaninf.o)
    0x08003376   0x08003376   0x0000000a   Code   RO         2168    x$fpl$fretinf       fz_ws.l(fretinf.o)
    0x08003380   0x08003380   0x000000ea   Code   RO         2121    x$fpl$fsub          fz_ws.l(faddsub_clz.o)
    0x0800346a   0x0800346a   0x00000064   Code   RO         2193    x$fpl$retnan        fz_ws.l(retnan.o)
    0x080034ce   0x080034ce   0x0000004c   Code   RO         2145    x$fpl$scalbnf       fz_ws.l(scalbnf.o)
    0x0800351a   0x0800351a   0x00000030   Code   RO         2208    x$fpl$trapveneer    fz_ws.l(trapv.o)
    0x0800354a   0x0800354a   0x00000000   Code   RO         2170    x$fpl$usenofp       fz_ws.l(usenofp.o)
    0x0800354a   0x0800354a   0x00000012   Data   RO          530    .constdata          stm32f1xx_hal_rcc.o
    0x0800355c   0x0800355c   0x00000010   Data   RO         1321    .constdata          system_stm32f1xx.o
    0x0800356c   0x0800356c   0x000016ae   Data   RO         1827    .constdata          gui.o
    0x08004c1a   0x08004c1a   0x00000002   PAD
    0x08004c1c   0x08004c1c   0x00000020   Data   RO         2334    Region$$Table       anon$$obj.o


    Execution Region RW_IRAM1 (Exec base: 0x20000000, Load base: 0x08004c3c, Size: 0x000006c0, Max: 0x0000c000, ABSOLUTE)

    Exec Addr    Load Addr    Size         Type   Attr      Idx    E Section Name        Object

    0x20000000   0x08004c3c   0x0000000c   Data   RW          367    .data               stm32f1xx_hal.o
    0x2000000c   0x08004c48   0x00000004   Data   RW         1323    .data               system_stm32f1xx.o
    0x20000010   0x08004c4c   0x00000002   Data   RW         1371    .data               lcd.o
    0x20000012   0x08004c4e   0x00000002   Data   RW         1372    .data               lcd.o
    0x20000014   0x08004c50   0x0000002c   Data   RW         1701    .data               touch.o
    0x20000040   0x08004c7c   0x0000000a   Data   RW         1967    .data               test.o
    0x2000004a   0x08004c86   0x00000004   Data   RW         2062    .data               delay.o
    0x2000004e   0x08004c8a   0x00000002   PAD
    0x20000050        -       0x0000000e   Zero   RW         1370    .bss                lcd.o
    0x2000005e   0x08004c8a   0x00000002   PAD
    0x20000060        -       0x00000060   Zero   RW         2196    .bss                c_w.l(libspace.o)
    0x200000c0        -       0x00000200   Zero   RW            2    HEAP                startup_stm32f103xe.o
    0x200002c0        -       0x00000400   Zero   RW            1    STACK               startup_stm32f103xe.o


==============================================================================

Image component sizes


      Code (inc. data)   RO Data    RW Data    ZI Data      Debug   Object Name

       216          0          0          0          0       3061   24cxx.o
       132         14          0          4          0       1767   delay.o
       300         16          0          0          0       1055   gpio.o
      2032         96       5806          0          0      13892   gui.o
       212         22          0          0          0       1554   key.o
       986         56          0          4         14       9373   lcd.o
       116         14          0          0          0        987   led.o
       124          0          0          0          0     441700   main.o
       628         76          0          0          0       4830   myiic.o
        44          4          0          0          0        597   spi.o
        64         26        304          0       1536        824   startup_stm32f103xe.o
       128         24          0         12          0       6005   stm32f1xx_hal.o
       172         14          0          0          0      28362   stm32f1xx_hal_cortex.o
       524         42          0          0          0       3591   stm32f1xx_hal_gpio.o
        60          8          0          0          0        902   stm32f1xx_hal_msp.o
      1188         66         18          0          0       4514   stm32f1xx_hal_rcc.o
        20          0          0          0          0       4010   stm32f1xx_it.o
         2          0         16          4          0       1163   system_stm32f1xx.o
       596         90          0         10          0       2401   test.o
      2838        318          0         44          0      10893   touch.o

    ----------------------------------------------------------------------
     10400        886       6178         80       1552     541481   Object Totals
         0          0         32          0          0          0   (incl. Generated)
        18          0          2          2          2          0   (incl. Padding)

    ----------------------------------------------------------------------

      Code (inc. data)   RO Data    RW Data    ZI Data      Debug   Library Member Name

         8          0          0          0          0         68   __main.o
         0          0          0          0          0          0   __rtentry.o
        12          0          0          0          0          0   __rtentry2.o
         6          0          0          0          0          0   __rtentry4.o
        52          8          0          0          0          0   __scatter.o
        26          0          0          0          0          0   __scatter_copy.o
        28          0          0          0          0          0   __scatter_zi.o
        22          0          0          0          0        100   _rserrno.o
        18          0          0          0          0         80   exit.o
         6          0          0          0          0        152   heapauxi.o
         0          0          0          0          0          0   indicate_semi.o
         2          0          0          0          0          0   libinit.o
         2          0          0          0          0          0   libinit2.o
         2          0          0          0          0          0   libshutdown.o
         2          0          0          0          0          0   libshutdown2.o
         8          4          0          0         96         68   libspace.o
         8          4          0          0          0         68   rt_errno_addr_intlibspace.o
        78          0          0          0          0         80   rt_memclr_w.o
         2          0          0          0          0          0   rtexit.o
        10          0          0          0          0          0   rtexit2.o
        62          0          0          0          0         76   strlen.o
        12          4          0          0          0         68   sys_exit.o
        74          0          0          0          0         80   sys_stackheap_outer.o
         2          0          0          0          0         68   use_no_semi.o
        90          4          0          0          0         92   dfixu.o
        38          0          0          0          0         68   dflt_clz.o
       156          4          0          0          0         92   dnaninf.o
       460         56          0          0          0        120   dsqrt_noumaal.o
       430          8          0          0          0        168   faddsub_clz.o
        12          4          0          0          0         68   fcheck1.o
       388         76          0          0          0         96   fdiv.o
        54          4          0          0          0         84   ffix.o
        62          4          0          0          0         84   ffixu.o
        86          0          0          0          0        136   fflt_clz.o
       258          4          0          0          0         84   fmul.o
       140          4          0          0          0         84   fnaninf.o
        10          0          0          0          0         68   fretinf.o
       100          0          0          0          0         68   retnan.o
        76          0          0          0          0         68   scalbnf.o
        48          0          0          0          0         68   trapv.o
         0          0          0          0          0          0   usenofp.o
        76          0          0          0          0         84   sqrt.o

    ----------------------------------------------------------------------
      2938        188          0          0         96       2440   Library Totals
        12          0          0          0          0          0   (incl. Padding)

    ----------------------------------------------------------------------

      Code (inc. data)   RO Data    RW Data    ZI Data      Debug   Library Name

       442         20          0          0         96        908   c_w.l
      2408        168          0          0          0       1448   fz_ws.l
        76          0          0          0          0         84   m_ws.l

    ----------------------------------------------------------------------
      2938        188          0          0         96       2440   Library Totals

    ----------------------------------------------------------------------

==============================================================================


      Code (inc. data)   RO Data    RW Data    ZI Data      Debug   

     13338       1074       6178         80       1648     538145   Grand Totals
     13338       1074       6178         80       1648     538145   ELF Image Totals
     13338       1074       6178         80          0          0   ROM Totals

==============================================================================

    Total RO  Size (Code + RO Data)                19516 (  19.06kB)
    Total RW  Size (RW Data + ZI Data)              1728 (   1.69kB)
    Total ROM Size (Code + RO Data + RW Data)      19596 (  19.14kB)

==============================================================================

